Component: ARM Compiler 6.14 Tool: armlink [5db06800]

==============================================================================

Section Cross References

    startup_stm32f10x_hd.o(RESET) refers to startup_stm32f10x_hd.o(STACK) for __initial_sp
    startup_stm32f10x_hd.o(RESET) refers to startup_stm32f10x_hd.o(.text) for Reset_Handler
    startup_stm32f10x_hd.o(RESET) refers to stm32f10x_it.o(.text.NMI_Handler) for NMI_Handler
    startup_stm32f10x_hd.o(RESET) refers to stm32f10x_it.o(.text.HardFault_Handler) for HardFault_Handler
    startup_stm32f10x_hd.o(RESET) refers to stm32f10x_it.o(.text.MemManage_Handler) for MemManage_Handler
    startup_stm32f10x_hd.o(RESET) refers to stm32f10x_it.o(.text.BusFault_Handler) for BusFault_Handler
    startup_stm32f10x_hd.o(RESET) refers to stm32f10x_it.o(.text.UsageFault_Handler) for UsageFault_Handler
    startup_stm32f10x_hd.o(RESET) refers to stm32f10x_it.o(.text.SVC_Handler) for SVC_Handler
    startup_stm32f10x_hd.o(RESET) refers to stm32f10x_it.o(.text.DebugMon_Handler) for DebugMon_Handler
    startup_stm32f10x_hd.o(RESET) refers to stm32f10x_it.o(.text.PendSV_Handler) for PendSV_Handler
    startup_stm32f10x_hd.o(RESET) refers to systick_book.o(.text.SysTick_Handler) for SysTick_Handler
    startup_stm32f10x_hd.o(RESET) refers to exit_book.o(.text.EXTI0_IRQHandler) for EXTI0_IRQHandler
    startup_stm32f10x_hd.o(RESET) refers to usart_book.o(.text.USART1_IRQHandler) for USART1_IRQHandler
    startup_stm32f10x_hd.o(RESET) refers to exit_book.o(.text.EXTI15_10_IRQHandler) for EXTI15_10_IRQHandler
    startup_stm32f10x_hd.o(.text) refers to system_stm32f10x.o(.text.SystemInit) for SystemInit
    startup_stm32f10x_hd.o(.text) refers to entry.o(.ARM.Collect$$$$00000000) for __main
    system_stm32f10x.o(.ARM.exidx.text.SystemInit) refers to system_stm32f10x.o(.text.SystemInit) for [Anonymous Symbol]
    system_stm32f10x.o(.text.SystemCoreClockUpdate) refers to system_stm32f10x.o(.data.SystemCoreClock) for SystemCoreClock
    system_stm32f10x.o(.text.SystemCoreClockUpdate) refers to system_stm32f10x.o(.rodata.AHBPrescTable) for AHBPrescTable
    system_stm32f10x.o(.ARM.exidx.text.SystemCoreClockUpdate) refers to system_stm32f10x.o(.text.SystemCoreClockUpdate) for [Anonymous Symbol]
    misc.o(.ARM.exidx.text.NVIC_PriorityGroupConfig) refers to misc.o(.text.NVIC_PriorityGroupConfig) for [Anonymous Symbol]
    misc.o(.ARM.exidx.text.NVIC_Init) refers to misc.o(.text.NVIC_Init) for [Anonymous Symbol]
    misc.o(.ARM.exidx.text.NVIC_SetVectorTable) refers to misc.o(.text.NVIC_SetVectorTable) for [Anonymous Symbol]
    misc.o(.ARM.exidx.text.NVIC_SystemLPConfig) refers to misc.o(.text.NVIC_SystemLPConfig) for [Anonymous Symbol]
    misc.o(.ARM.exidx.text.SysTick_CLKSourceConfig) refers to misc.o(.text.SysTick_CLKSourceConfig) for [Anonymous Symbol]
    stm32f10x_adc.o(.text.ADC_DeInit) refers to stm32f10x_rcc.o(.text.RCC_APB2PeriphResetCmd) for RCC_APB2PeriphResetCmd
    stm32f10x_adc.o(.ARM.exidx.text.ADC_DeInit) refers to stm32f10x_adc.o(.text.ADC_DeInit) for [Anonymous Symbol]
    stm32f10x_adc.o(.ARM.exidx.text.ADC_Init) refers to stm32f10x_adc.o(.text.ADC_Init) for [Anonymous Symbol]
    stm32f10x_adc.o(.ARM.exidx.text.ADC_StructInit) refers to stm32f10x_adc.o(.text.ADC_StructInit) for [Anonymous Symbol]
    stm32f10x_adc.o(.ARM.exidx.text.ADC_Cmd) refers to stm32f10x_adc.o(.text.ADC_Cmd) for [Anonymous Symbol]
    stm32f10x_adc.o(.ARM.exidx.text.ADC_DMACmd) refers to stm32f10x_adc.o(.text.ADC_DMACmd) for [Anonymous Symbol]
    stm32f10x_adc.o(.ARM.exidx.text.ADC_ITConfig) refers to stm32f10x_adc.o(.text.ADC_ITConfig) for [Anonymous Symbol]
    stm32f10x_adc.o(.ARM.exidx.text.ADC_ResetCalibration) refers to stm32f10x_adc.o(.text.ADC_ResetCalibration) for [Anonymous Symbol]
    stm32f10x_adc.o(.ARM.exidx.text.ADC_GetResetCalibrationStatus) refers to stm32f10x_adc.o(.text.ADC_GetResetCalibrationStatus) for [Anonymous Symbol]
    stm32f10x_adc.o(.ARM.exidx.text.ADC_StartCalibration) refers to stm32f10x_adc.o(.text.ADC_StartCalibration) for [Anonymous Symbol]
    stm32f10x_adc.o(.ARM.exidx.text.ADC_GetCalibrationStatus) refers to stm32f10x_adc.o(.text.ADC_GetCalibrationStatus) for [Anonymous Symbol]
    stm32f10x_adc.o(.ARM.exidx.text.ADC_SoftwareStartConvCmd) refers to stm32f10x_adc.o(.text.ADC_SoftwareStartConvCmd) for [Anonymous Symbol]
    stm32f10x_adc.o(.ARM.exidx.text.ADC_GetSoftwareStartConvStatus) refers to stm32f10x_adc.o(.text.ADC_GetSoftwareStartConvStatus) for [Anonymous Symbol]
    stm32f10x_adc.o(.ARM.exidx.text.ADC_DiscModeChannelCountConfig) refers to stm32f10x_adc.o(.text.ADC_DiscModeChannelCountConfig) for [Anonymous Symbol]
    stm32f10x_adc.o(.ARM.exidx.text.ADC_DiscModeCmd) refers to stm32f10x_adc.o(.text.ADC_DiscModeCmd) for [Anonymous Symbol]
    stm32f10x_adc.o(.ARM.exidx.text.ADC_RegularChannelConfig) refers to stm32f10x_adc.o(.text.ADC_RegularChannelConfig) for [Anonymous Symbol]
[...]
    .L.str.14                                0x08021b6f   Data          12  lcd_pagehtml_book.o(.rodata.str1.1)
    [Anonymous Symbol]                       0x08021b6f   Section        0  lcd_pagehtml_book.o(.rodata.str1.1)
    .L.str.13                                0x08021b7b   Data          13  lcd_pagehtml_book.o(.rodata.str1.1)
    .L.str.12                                0x08021b88   Data          13  lcd_pagehtml_book.o(.rodata.str1.1)
    .L.str.4                                 0x08021b95   Data           6  lcd_pagehtml_book.o(.rodata.str1.1)
    .L.str.18                                0x08021b9b   Data           3  main.o(.rodata.str1.1)
    [Anonymous Symbol]                       0x08021b9b   Section        0  main.o(.rodata.str1.1)
    .L.str.19                                0x08021b9e   Data          13  main.o(.rodata.str1.1)
    .L.str.22                                0x08021bab   Data          19  main.o(.rodata.str1.1)
    f_mkfs.vst                               0x08021bbe   Data          22  ff.o(.rodata.str2.2)
    [Anonymous Symbol]                       0x08021bbe   Section        0  ff.o(.rodata.str2.2)
    uni2oem                                  0x08021bd4   Data       87172  cc936.o(.rodata.uni2oem)
    [Anonymous Symbol]                       0x08021bd4   Section        0  cc936.o(.rodata.uni2oem)
    .data                                    0x20000000   Section        4  stdout.o(.data)
    [Anonymous Symbol]                       0x20000004   Section        0  lcd_book.o(.data..L_MergedGlobals)
    SPITimeout                               0x20000028   Data           4  spi_book.o(.data.SPITimeout)
    [Anonymous Symbol]                       0x20000028   Section        0  spi_book.o(.data.SPITimeout)
    writeData                                0x200008f0   Data           8  main.o(.data.writeData)
    [Anonymous Symbol]                       0x200008f0   Section        0  main.o(.data.writeData)
    writeData2                               0x200008f8   Data           8  main.o(.data.writeData2)
    [Anonymous Symbol]                       0x200008f8   Section        0  main.o(.data.writeData2)
    [Anonymous Symbol]                       0x20000900   Section        0  key_book.o(.bss..L_MergedGlobals)
    count_key                                0x20000904   Data           2  key_book.o(.bss..L_MergedGlobals)
    _SysTick_delay                           0x20000908   Data           4  systick_book.o(.bss..L_MergedGlobals)
    [Anonymous Symbol]                       0x20000908   Section        0  systick_book.o(.bss..L_MergedGlobals)
    SysTick_delay                            0x2000090c   Data           4  systick_book.o(.bss..L_MergedGlobals)
    [Anonymous Symbol]                       0x20000910   Section        0  dma_book.o(.bss..L_MergedGlobals)
    [Anonymous Symbol]                       0x20000918   Section        0  fatfs_book.o(.bss..L_MergedGlobals)
    file_check.fno                           0x20000920   Data          32  fatfs_book.o(.bss..L_MergedGlobals)
    [Anonymous Symbol]                       0x20000940   Section        0  lcd_draw_book.o(.bss..L_MergedGlobals)
    [Anonymous Symbol]                       0x20000944   Section        0  xpt2046_lcd_function_book.o(.bss..L_MergedGlobals)
    XPT2046_TouchDetect.touch_state          0x20000945   Data           1  xpt2046_lcd_function_book.o(.bss..L_MergedGlobals)
    XPT2046_TouchDetect.count_Touch          0x20000946   Data           1  xpt2046_lcd_function_book.o(.bss..L_MergedGlobals)
    Fsid                                     0x20000988   Data           2  ff.o(.bss..L_MergedGlobals)
    [Anonymous Symbol]                       0x20000988   Section        0  ff.o(.bss..L_MergedGlobals)
    FatFs                                    0x2000098c   Data           8  ff.o(.bss..L_MergedGlobals)
    GetGBKCode_from_EXFlash.everRead         0x20000994   Data           1  fonts.o(.bss.GetGBKCode_from_EXFlash.everRead)
    [Anonymous Symbol]                       0x20000994   Section        0  fonts.o(.bss.GetGBKCode_from_EXFlash.everRead)
    I2CTimeout                               0x20000996   Data           2  i2c_book.o(.bss.I2CTimeout)
    [Anonymous Symbol]                       0x20000996   Section        0  i2c_book.o(.bss.I2CTimeout)
    ReadData                                 0x20000998   Data           7  main.o(.bss.ReadData)
    [Anonymous Symbol]                       0x20000998   Section        0  main.o(.bss.ReadData)
    Read_SPI_Data                            0x2000099f   Data        4096  main.o(.bss.Read_SPI_Data)
    [Anonymous Symbol]                       0x2000099f   Section        0  main.o(.bss.Read_SPI_Data)
    scan_file.lfn                            0x20003a44   Data         511  fatfs_book.o(.bss.scan_file.lfn)
    [Anonymous Symbol]                       0x20003a44   Section        0  fatfs_book.o(.bss.scan_file.lfn)
    write_SPI_Data                           0x20003c44   Data        4096  main.o(.bss.write_SPI_Data)
    [Anonymous Symbol]                       0x20003c44   Section        0  main.o(.bss.write_SPI_Data)
    STACK                                    0x20009048   Section     1024  startup_stm32f10x_hd.o(STACK)

    Global Symbols

    Symbol Name                              Value     Ov Type        Size  Object(Section)

    BuildAttributes$$THM_ISAv4$P$D$K$B$S$PE$A:L22UL41UL21$X:L11$S22US41US21$IEEE1$IW$~IW$USESV6$~STKCKD$USESV7$~SHL$OTIME$ROPI$EBA8$MICROLIB$REQ8$PRES8$EABIv2 0x00000000   Number         0  anon$$obj.o ABSOLUTE
    _printf_a                                0x00000000   Number         0  printfstubs.o ABSOLUTE
    _printf_c                                0x00000000   Number         0  printfstubs.o ABSOLUTE
    _printf_charcount                        0x00000000   Number         0  printfstubs.o ABSOLUTE
    _printf_d                                0x00000000   Number         0  printfstubs.o ABSOLUTE
    _printf_e                                0x00000000   Number         0  printfstubs.o ABSOLUTE
    _printf_f                                0x00000000   Number         0  printfstubs.o ABSOLUTE
    _printf_flags                            0x00000000   Number         0  printfstubs.o ABSOLUTE
    _printf_fp_dec                           0x00000000   Number         0  printfstubs.o ABSOLUTE
    _printf_fp_hex                           0x00000000   Number         0  printfstubs.o ABSOLUTE
    _printf_g                                0x00000000   Number         0  printfstubs.o ABSOLUTE
    _printf_i                                0x00000000   Number         0  printfstubs.o ABSOLUTE
    _printf_int_dec                          0x00000000   Number         0  printfstubs.o ABSOLUTE
    _printf_l                                0x00000000   Number         0  printfstubs.o ABSOLUTE
    _printf_lc                               0x00000000   Number         0  printfstubs.o ABSOLUTE
    _printf_ll                               0x00000000   Number         0  printfstubs.o ABSOLUTE
    _printf_lld                              0x00000000   Number         0  printfstubs.o ABSOLUTE
    _printf_lli                              0x00000000   Number         0  printfstubs.o ABSOLUTE
    _printf_llo                              0x00000000   Number         0  printfstubs.o ABSOLUTE
    _printf_llu                              0x00000000   Number         0  printfstubs.o ABSOLUTE
    _printf_llx                              0x00000000   Number         0  printfstubs.o ABSOLUTE
    _printf_longlong_dec                     0x00000000   Number         0  printfstubs.o ABSOLUTE
    _printf_longlong_hex                     0x00000000   Number         0  printfstubs.o ABSOLUTE
    _printf_longlong_oct                     0x00000000   Number         0  printfstubs.o ABSOLUTE
    _printf_ls                               0x00000000   Number         0  printfstubs.o ABSOLUTE
    _printf_mbtowc                           0x00000000   Number         0  printfstubs.o ABSOLUTE
    _printf_n                                0x00000000   Number         0  printfstubs.o ABSOLUTE
    _printf_o                                0x00000000   Number         0  printfstubs.o ABSOLUTE
    _printf_p                                0x00000000   Number         0  printfstubs.o ABSOLUTE
    _printf_percent                          0x00000000   Number         0  printfstubs.o ABSOLUTE
    _printf_pre_padding                      0x00000000   Number         0  printfstubs.o ABSOLUTE
    _printf_return_value                     0x00000000   Number         0  printfstubs.o ABSOLUTE
    _printf_s                                0x00000000   Number         0  printfstubs.o ABSOLUTE
    _printf_sizespec                         0x00000000   Number         0  printfstubs.o ABSOLUTE
    _printf_str                              0x00000000   Number         0  printfstubs.o ABSOLUTE
    _printf_truncate_signed                  0x00000000   Number         0  printfstubs.o ABSOLUTE
    _printf_truncate_unsigned                0x00000000   Number         0  printfstubs.o ABSOLUTE
    _printf_u                                0x00000000   Number         0  printfstubs.o ABSOLUTE
    _printf_wc                               0x00000000   Number         0  printfstubs.o ABSOLUTE
    _printf_wctomb                           0x00000000   Number         0  printfstubs.o ABSOLUTE
    _printf_widthprec                        0x00000000   Number         0  printfstubs.o ABSOLUTE
    _printf_x                                0x00000000   Number         0  printfstubs.o ABSOLUTE
    __cpp_initialize__aeabi_                  - Undefined Weak Reference
    __cxa_finalize                            - Undefined Weak Reference
    _clock_init                               - Undefined Weak Reference
    _microlib_exit                            - Undefined Weak Reference
    __Vectors_Size                           0x00000130   Number         0  startup_stm32f10x_hd.o ABSOLUTE
    __Vectors                                0x08000000   Data           4  startup_stm32f10x_hd.o(RESET)
    __Vectors_End                            0x08000130   Data           0  startup_stm32f10x_hd.o(RESET)
    __main                                   0x08000131   Thumb Code     0  entry.o(.ARM.Collect$$$$00000000)
    _main_stk                                0x08000131   Thumb Code     0  entry2.o(.ARM.Collect$$$$00000001)
    _main_scatterload                        0x08000135   Thumb Code     0  entry5.o(.ARM.Collect$$$$00000004)
    __main_after_scatterload                 0x08000139   Thumb Code     0  entry5.o(.ARM.Collect$$$$00000004)
    _main_clock                              0x08000139   Thumb Code     0  entry7b.o(.ARM.Collect$$$$00000008)
    _main_cpp_init                           0x08000139   Thumb Code     0  entry8b.o(.ARM.Collect$$$$0000000A)
    _main_init                               0x08000139   Thumb Code     0  entry9a.o(.ARM.Collect$$$$0000000B)
    __rt_final_cpp                           0x08000141   Thumb Code     0  entry10a.o(.ARM.Collect$$$$0000000D)
    __rt_final_exit                          0x08000141   Thumb Code     0  entry11a.o(.ARM.Collect$$$$0000000F)
    Reset_Handler                            0x08000145   Thumb Code     8  startup_stm32f10x_hd.o(.text)
    ADC1_2_IRQHandler                        0x0800015f   Thumb Code     0  startup_stm32f10x_hd.o(.text)
    ADC3_IRQHandler                          0x0800015f   Thumb Code     0  startup_stm32f10x_hd.o(.text)
    CAN1_RX1_IRQHandler                      0x0800015f   Thumb Code     0  startup_stm32f10x_hd.o(.text)
    CAN1_SCE_IRQHandler                      0x0800015f   Thumb Code     0  startup_stm32f10x_hd.o(.text)
    DMA1_Channel1_IRQHandler                 0x0800015f   Thumb Code     0  startup_stm32f10x_hd.o(.text)
    DMA1_Channel2_IRQHandler                 0x0800015f   Thumb Code     0  startup_stm32f10x_hd.o(.text)
    DMA1_Channel3_IRQHandler                 0x0800015f   Thumb Code     0  startup_stm32f10x_hd.o(.text)
    DMA1_Channel4_IRQHandler                 0x0800015f   Thumb Code     0  startup_stm32f10x_hd.o(.text)
    DMA1_Channel5_IRQHandler                 0x0800015f   Thumb Code     0  startup_stm32f10x_hd.o(.text)
    DMA1_Channel6_IRQHandler                 0x0800015f   Thumb Code     0  startup_stm32f10x_hd.o(.text)
    DMA1_Channel7_IRQHandler                 0x0800015f   Thumb Code     0  startup_stm32f10x_hd.o(.text)
    DMA2_Channel1_IRQHandler                 0x0800015f   Thumb Code     0  startup_stm32f10x_hd.o(.text)
    DMA2_Channel2_IRQHandler                 0x0800015f   Thumb Code     0  startup_stm32f10x_hd.o(.text)
    DMA2_Channel3_IRQHandler                 0x0800015f   Thumb Code     0  startup_stm32f10x_hd.o(.text)
    DMA2_Channel4_5_IRQHandler               0x0800015f   Thumb Code     0  startup_stm32f10x_hd.o(.text)
    EXTI1_IRQHandler                         0x0800015f   Thumb Code     0  startup_stm32f10x_hd.o(.text)
    EXTI2_IRQHandler                         0x0800015f   Thumb Code     0  startup_stm32f10x_hd.o(.text)
    EXTI3_IRQHandler                         0x0800015f   Thumb Code     0  startup_stm32f10x_hd.o(.text)
    EXTI4_IRQHandler                         0x0800015f   Thumb Code     0  startup_stm32f10x_hd.o(.text)
    EXTI9_5_IRQHandler                       0x0800015f   Thumb Code     0  startup_stm32f10x_hd.o(.text)
    FLASH_IRQHandler                         0x0800015f   Thumb Code     0  startup_stm32f10x_hd.o(.text)
    FSMC_IRQHandler                          0x0800015f   Thumb Code     0  startup_stm32f10x_hd.o(.text)
    I2C1_ER_IRQHandler                       0x0800015f   Thumb Code     0  startup_stm32f10x_hd.o(.text)
    I2C1_EV_IRQHandler                       0x0800015f   Thumb Code     0  startup_stm32f10x_hd.o(.text)
    I2C2_ER_IRQHandler                       0x0800015f   Thumb Code     0  startup_stm32f10x_hd.o(.text)
    I2C2_EV_IRQHandler                       0x0800015f   Thumb Code     0  startup_stm32f10x_hd.o(.text)
    PVD_IRQHandler                           0x0800015f   Thumb Code     0  startup_stm32f10x_hd.o(.text)
    RCC_IRQHandler                           0x0800015f   Thumb Code     0  startup_stm32f10x_hd.o(.text)
    RTCAlarm_IRQHandler                      0x0800015f   Thumb Code     0  startup_stm32f10x_hd.o(.text)
    RTC_IRQHandler                           0x0800015f   Thumb Code     0  startup_stm32f10x_hd.o(.text)
    SDIO_IRQHandler                          0x0800015f   Thumb Code     0  startup_stm32f10x_hd.o(.text)
    SPI1_IRQHandler                          0x0800015f   Thumb Code     0  startup_stm32f10x_hd.o(.text)
    SPI2_IRQHandler                          0x0800015f   Thumb Code     0  startup_stm32f10x_hd.o(.text)
    SPI3_IRQHandler                          0x0800015f   Thumb Code     0  startup_stm32f10x_hd.o(.text)
    TAMPER_IRQHandler                        0x0800015f   Thumb Code     0  startup_stm32f10x_hd.o(.text)
    TIM1_BRK_IRQHandler                      0x0800015f   Thumb Code     0  startup_stm32f10x_hd.o(.text)
    TIM1_CC_IRQHandler                       0x0800015f   Thumb Code     0  startup_stm32f10x_hd.o(.text)
    TIM1_TRG_COM_IRQHandler                  0x0800015f   Thumb Code     0  startup_stm32f10x_hd.o(.text)
    TIM1_UP_IRQHandler                       0x0800015f   Thumb Code     0  startup_stm32f10x_hd.o(.text)
    TIM2_IRQHandler                          0x0800015f   Thumb Code     0  startup_stm32f10x_hd.o(.text)
    TIM3_IRQHandler                          0x0800015f   Thumb Code     0  startup_stm32f10x_hd.o(.text)
    TIM4_IRQHandler                          0x0800015f   Thumb Code     0  startup_stm32f10x_hd.o(.text)
    TIM5_IRQHandler                          0x0800015f   Thumb Code     0  startup_stm32f10x_hd.o(.text)
    TIM6_IRQHandler                          0x0800015f   Thumb Code     0  startup_stm32f10x_hd.o(.text)
    TIM7_IRQHandler                          0x0800015f   Thumb Code     0  startup_stm32f10x_hd.o(.text)
    TIM8_BRK_IRQHandler                      0x0800015f   Thumb Code     0  startup_stm32f10x_hd.o(.text)
    TIM8_CC_IRQHandler                       0x0800015f   Thumb Code     0  startup_stm32f10x_hd.o(.text)
    TIM8_TRG_COM_IRQHandler                  0x0800015f   Thumb Code     0  startup_stm32f10x_hd.o(.text)
    TIM8_UP_IRQHandler                       0x0800015f   Thumb Code     0  startup_stm32f10x_hd.o(.text)
    UART4_IRQHandler                         0x0800015f   Thumb Code     0  startup_stm32f10x_hd.o(.text)
    UART5_IRQHandler                         0x0800015f   Thumb Code     0  startup_stm32f10x_hd.o(.text)
    USART2_IRQHandler                        0x0800015f   Thumb Code     0  startup_stm32f10x_hd.o(.text)
    USART3_IRQHandler                        0x0800015f   Thumb Code     0  startup_stm32f10x_hd.o(.text)
    USBWakeUp_IRQHandler                     0x0800015f   Thumb Code     0  startup_stm32f10x_hd.o(.text)
    USB_HP_CAN1_TX_IRQHandler                0x0800015f   Thumb Code     0  startup_stm32f10x_hd.o(.text)
    USB_LP_CAN1_RX0_IRQHandler               0x0800015f   Thumb Code     0  startup_stm32f10x_hd.o(.text)
    WWDG_IRQHandler                          0x0800015f   Thumb Code     0  startup_stm32f10x_hd.o(.text)
    __aeabi_memset                           0x08000169   Thumb Code    14  memseta.o(.text)
    __aeabi_memset4                          0x08000169   Thumb Code     0  memseta.o(.text)
    __aeabi_memset8                          0x08000169   Thumb Code     0  memseta.o(.text)
    __aeabi_memclr                           0x08000177   Thumb Code     4  memseta.o(.text)
    __aeabi_memclr4                          0x08000177   Thumb Code     0  memseta.o(.text)
    __aeabi_memclr8                          0x08000177   Thumb Code     0  memseta.o(.text)
    _memset$wrapper                          0x0800017b   Thumb Code    18  memseta.o(.text)
    strlen                                   0x0800018d   Thumb Code    14  strlen.o(.text)
    strcpy                                   0x0800019b   Thumb Code    18  strcpy.o(.text)
    __aeabi_fadd                             0x080001ad   Thumb Code   164  fadd.o(.text)
    __aeabi_fsub                             0x08000251   Thumb Code     6  fadd.o(.text)
    __aeabi_frsub                            0x08000257   Thumb Code     6  fadd.o(.text)
    __aeabi_fmul                             0x0800025d   Thumb Code   100  fmul.o(.text)
    __aeabi_fdiv                             0x080002c1   Thumb Code   124  fdiv.o(.text)
    __aeabi_i2f                              0x0800033d   Thumb Code    18  fflti.o(.text)
    __aeabi_f2iz                             0x0800034f   Thumb Code    50  ffixi.o(.text)
    __aeabi_f2d                              0x08000381   Thumb Code    38  f2d.o(.text)
    __aeabi_uidiv                            0x080003a7   Thumb Code     0  uidiv.o(.text)
    __aeabi_uidivmod                         0x080003a7   Thumb Code    44  uidiv.o(.text)
    __aeabi_uldivmod                         0x080003d3   Thumb Code    98  uldiv.o(.text)
    __I$use$fp                               0x08000435   Thumb Code     0  iusefp.o(.text)
    _float_round                             0x08000435   Thumb Code    18  fepilogue.o(.text)
    _float_epilogue                          0x08000447   Thumb Code    92  fepilogue.o(.text)
    __aeabi_dadd                             0x080004a3   Thumb Code   322  dadd.o(.text)
    __aeabi_dsub                             0x080005e5   Thumb Code     6  dadd.o(.text)
    __aeabi_drsub                            0x080005eb   Thumb Code     6  dadd.o(.text)
    __aeabi_dmul                             0x080005f1   Thumb Code   228  dmul.o(.text)
    __aeabi_ddiv                             0x080006d5   Thumb Code   222  ddiv.o(.text)
    __aeabi_d2ulz                            0x080007b3   Thumb Code    48  dfixul.o(.text)
    __aeabi_cdrcmple                         0x080007e5   Thumb Code    48  cdrcmple.o(.text)
    __scatterload                            0x08000815   Thumb Code    28  init.o(.text)
    __scatterload_rt2                        0x08000815   Thumb Code     0  init.o(.text)
    __aeabi_llsl                             0x08000839   Thumb Code    30  llshl.o(.text)
    _ll_shift_l                              0x08000839   Thumb Code     0  llshl.o(.text)
    __aeabi_llsr                             0x08000857   Thumb Code    32  llushr.o(.text)
    _ll_ushift_r                             0x08000857   Thumb Code     0  llushr.o(.text)
    __aeabi_lasr                             0x08000877   Thumb Code    36  llsshr.o(.text)
    _ll_sshift_r                             0x08000877   Thumb Code     0  llsshr.o(.text)
    _double_round                            0x0800089b   Thumb Code    30  depilogue.o(.text)
    _double_epilogue                         0x080008b9   Thumb Code   156  depilogue.o(.text)
    __decompress                             0x08000955   Thumb Code     0  __dczerorl.o(.text)
    __decompress0                            0x08000955   Thumb Code    58  __dczerorl.o(.text)
    BusFault_Handler                         0x0800098f   Thumb Code     2  stm32f10x_it.o(.text.BusFault_Handler)
    DMA_Cmd                                  0x08000991   Thumb Code    24  stm32f10x_dma.o(.text.DMA_Cmd)
    DMA_GetFlagStatus                        0x080009a9   Thumb Code    24  stm32f10x_dma.o(.text.DMA_GetFlagStatus)
    DMA_Init                                 0x080009c1   Thumb Code    70  stm32f10x_dma.o(.text.DMA_Init)
    DebugMon_Handler                         0x08000a07   Thumb Code     2  stm32f10x_it.o(.text.DebugMon_Handler)
    Display_Char_test                        0x08000a09   Thumb Code   104  lcd_pagehtml_book.o(.text.Display_Char_test)
    EXTI0_IRQHandler                         0x08000b75   Thumb Code    52  exit_book.o(.text.EXTI0_IRQHandler)
    EXTI15_10_IRQHandler                     0x08000ba9   Thumb Code    56  exit_book.o(.text.EXTI15_10_IRQHandler)
    EXTI_ClearITPendingBit                   0x08000be1   Thumb Code    12  stm32f10x_exti.o(.text.EXTI_ClearITPendingBit)
    EXTI_GetITStatus                         0x08000bed   Thumb Code    24  stm32f10x_exti.o(.text.EXTI_GetITStatus)
    EXTI_Init                                0x08000c05   Thumb Code    96  stm32f10x_exti.o(.text.EXTI_Init)
    FLASH_PrefetchBufferCmd                  0x08000c65   Thumb Code    20  stm32f10x_flash.o(.text.FLASH_PrefetchBufferCmd)
    FLASH_SetLatency                         0x08000c79   Thumb Code    20  stm32f10x_flash.o(.text.FLASH_SetLatency)
    FSMC_NORSRAMCmd                          0x08000c8d   Thumb Code    36  stm32f10x_fsmc.o(.text.FSMC_NORSRAMCmd)
    FSMC_NORSRAMInit                         0x08000cb1   Thumb Code   176  stm32f10x_fsmc.o(.text.FSMC_NORSRAMInit)
    FatFs_Close_flash                        0x08000d61   Thumb Code    32  fatfs_book.o(.text.FatFs_Close_flash)
    FatFs_document_Text                      0x08000d81   Thumb Code   280  fatfs_book.o(.text.FatFs_document_Text)
    FatFs_document_set_content               0x08000e99   Thumb Code   244  fatfs_book.o(.text.FatFs_document_set_content)
    FatFs_equipment_flash                    0x08000f8d   Thumb Code   328  fatfs_book.o(.text.FatFs_equipment_flash)
    GPIO_EXTILineConfig                      0x080010d5   Thumb Code    40  stm32f10x_gpio.o(.text.GPIO_EXTILineConfig)
    GPIO_Init                                0x080010fd   Thumb Code   180  stm32f10x_gpio.o(.text.GPIO_Init)
    GPIO_ReadInputDataBit                    0x080011b1   Thumb Code    10  stm32f10x_gpio.o(.text.GPIO_ReadInputDataBit)
    GPIO_ReadOutputDataBit                   0x080011bb   Thumb Code    10  stm32f10x_gpio.o(.text.GPIO_ReadOutputDataBit)
    GPIO_ResetBits                           0x080011c5   Thumb Code     4  stm32f10x_gpio.o(.text.GPIO_ResetBits)
    GPIO_SetBits                             0x080011c9   Thumb Code     4  stm32f10x_gpio.o(.text.GPIO_SetBits)
    GetGBKCode_from_EXFlash                  0x080011cd   Thumb Code    72  fonts.o(.text.GetGBKCode_from_EXFlash)
    HardFault_Handler                        0x08001215   Thumb Code     2  stm32f10x_it.o(.text.HardFault_Handler)
    I2C_AcknowledgeConfig                    0x08001217   Thumb Code    18  stm32f10x_i2c.o(.text.I2C_AcknowledgeConfig)
    I2C_CheckEvent                           0x08001229   Thumb Code    22  stm32f10x_i2c.o(.text.I2C_CheckEvent)
    I2C_ClearFlag                            0x0800123f   Thumb Code     6  stm32f10x_i2c.o(.text.I2C_ClearFlag)
    I2C_Cmd                                  0x08001245   Thumb Code    18  stm32f10x_i2c.o(.text.I2C_Cmd)
    I2C_GenerateSTART                        0x080012a5   Thumb Code    18  stm32f10x_i2c.o(.text.I2C_GenerateSTART)
    I2C_GenerateSTOP                         0x080012b7   Thumb Code    18  stm32f10x_i2c.o(.text.I2C_GenerateSTOP)
    I2C_GetFlagStatus                        0x080012c9   Thumb Code    52  stm32f10x_i2c.o(.text.I2C_GetFlagStatus)
    I2C_Init                                 0x080012fd   Thumb Code   188  stm32f10x_i2c.o(.text.I2C_Init)
    I2C_ReadRegister                         0x080013b9   Thumb Code    22  stm32f10x_i2c.o(.text.I2C_ReadRegister)
    I2C_Read_fun                             0x080013d1   Thumb Code   508  i2c_book.o(.text.I2C_Read_fun)
    I2C_ReceiveData                          0x080015cd   Thumb Code     6  stm32f10x_i2c.o(.text.I2C_ReceiveData)
    I2C_Send7bitAddress                      0x080015d3   Thumb Code    16  stm32f10x_i2c.o(.text.I2C_Send7bitAddress)
    I2C_SendData                             0x08001639   Thumb Code     4  stm32f10x_i2c.o(.text.I2C_SendData)
    I2C_Soft_Init                            0x0800163d   Thumb Code    20  i2c_soft_book.o(.text.I2C_Soft_Init)
    I2C_Soft_Read_fun                        0x08001651   Thumb Code   420  i2c_soft_book.o(.text.I2C_Soft_Read_fun)
    I2C_Soft_Write_fun                       0x080017f5   Thumb Code   176  i2c_soft_book.o(.text.I2C_Soft_Write_fun)
    I2C_Write_fun                            0x0800195d   Thumb Code   412  i2c_book.o(.text.I2C_Write_fun)
    ILI9341_BackLed_Control                  0x08001af9   Thumb Code    24  lcd_book.o(.text.ILI9341_BackLed_Control)
    ILI9341_Clear                            0x08001b11   Thumb Code    28  lcd_draw_book.o(.text.ILI9341_Clear)
    ILI9341_Delay                            0x08001b2d   Thumb Code    18  lcd_book.o(.text.ILI9341_Delay)
    ILI9341_DispChar_CH                      0x08001b41   Thumb Code   120  lcd_draw_book.o(.text.ILI9341_DispChar_CH)
    ILI9341_DispChar_EN                      0x08001bb9   Thumb Code   128  lcd_draw_book.o(.text.ILI9341_DispChar_EN)
    ILI9341_DispStringLine_EN                0x08001c39   Thumb Code   104  lcd_draw_book.o(.text.ILI9341_DispStringLine_EN)
    ILI9341_DispStringLine_EN_CH             0x08001ca1   Thumb Code   168  lcd_draw_book.o(.text.ILI9341_DispStringLine_EN_CH)
    ILI9341_DispString_CH                    0x08001d49   Thumb Code    84  lcd_draw_book.o(.text.ILI9341_DispString_CH)
    ILI9341_DispString_EN_CH                 0x08001d9d   Thumb Code   172  lcd_draw_book.o(.text.ILI9341_DispString_EN_CH)
    ILI9341_DisplayStringEx                  0x08001e49   Thumb Code   208  lcd_draw_book.o(.text.ILI9341_DisplayStringEx)
    ILI9341_DrawChar_Ex                      0x08001f19   Thumb Code    92  lcd_draw_book.o(.text.ILI9341_DrawChar_Ex)
    ILI9341_DrawCircle                       0x08001f75   Thumb Code   396  lcd_draw_book.o(.text.ILI9341_DrawCircle)
    ILI9341_DrawCross                        0x08002101   Thumb Code    52  lcd_draw_book.o(.text.ILI9341_DrawCross)
    ILI9341_DrawLine                         0x08002135   Thumb Code   158  lcd_draw_book.o(.text.ILI9341_DrawLine)
    ILI9341_DrawRectangle                    0x080021d5   Thumb Code   132  lcd_draw_book.o(.text.ILI9341_DrawRectangle)
    ILI9341_GetPointPixel                    0x08002275   Thumb Code    52  lcd_draw_book.o(.text.ILI9341_GetPointPixel)
    ILI9341_GramScan                         0x080022a9   Thumb Code   128  lcd_book.o(.text.ILI9341_GramScan)
    ILI9341_Init                             0x08002329   Thumb Code   796  lcd_book.o(.text.ILI9341_Init)
    ILI9341_OpenWindow                       0x08002645   Thumb Code    84  lcd_draw_book.o(.text.ILI9341_OpenWindow)
    ILI9341_Read_Data                        0x08002699   Thumb Code     8  lcd_book.o(.text.ILI9341_Read_Data)
    ILI9341_Rst                              0x080026a1   Thumb Code    48  lcd_book.o(.text.ILI9341_Rst)
    ILI9341_SetPointPixel                    0x080026d9   Thumb Code    52  lcd_draw_book.o(.text.ILI9341_SetPointPixel)
    ILI9341_Write_Cmd                        0x0800270d   Thumb Code     8  lcd_book.o(.text.ILI9341_Write_Cmd)
    ILI9341_Write_Data                       0x08002715   Thumb Code     8  lcd_book.o(.text.ILI9341_Write_Data)
    ILI9341_zoomChar                         0x0800271d   Thumb Code   212  lcd_draw_book.o(.text.ILI9341_zoomChar)
    LCD_GetFont                              0x080027f1   Thumb Code     8  lcd_draw_book.o(.text.LCD_GetFont)
    LCD_SetColors                            0x080027f9   Thumb Code     8  lcd_draw_book.o(.text.LCD_SetColors)
    LCD_SetFont                              0x08002801   Thumb Code    12  lcd_draw_book.o(.text.LCD_SetFont)
    LCD_SetForeColor                         0x0800280d   Thumb Code     8  lcd_draw_book.o(.text.LCD_SetForeColor)
    LCD_SetTextColor                         0x08002815   Thumb Code    12  lcd_draw_book.o(.text.LCD_SetTextColor)
    MemManage_Handler                        0x08002821   Thumb Code     2  stm32f10x_it.o(.text.MemManage_Handler)
    NMI_Handler                              0x08002823   Thumb Code     2  stm32f10x_it.o(.text.NMI_Handler)
    NVIC_Init                                0x08002825   Thumb Code    80  misc.o(.text.NVIC_Init)
    NVIC_PriorityGroupConfig                 0x08002875   Thumb Code    20  misc.o(.text.NVIC_PriorityGroupConfig)
    PendSV_Handler                           0x08002889   Thumb Code     2  stm32f10x_it.o(.text.PendSV_Handler)
    RCC_AHBPeriphClockCmd                    0x0800288d   Thumb Code    24  stm32f10x_rcc.o(.text.RCC_AHBPeriphClockCmd)
    RCC_APB1PeriphClockCmd                   0x080028a5   Thumb Code    24  stm32f10x_rcc.o(.text.RCC_APB1PeriphClockCmd)
    RCC_APB2PeriphClockCmd                   0x080028bd   Thumb Code    24  stm32f10x_rcc.o(.text.RCC_APB2PeriphClockCmd)
    RCC_DeInit                               0x080028d5   Thumb Code    60  stm32f10x_rcc.o(.text.RCC_DeInit)
    RCC_GetClocksFreq                        0x08002911   Thumb Code   116  stm32f10x_rcc.o(.text.RCC_GetClocksFreq)
    RCC_GetFlagStatus                        0x08002985   Thumb Code    36  stm32f10x_rcc.o(.text.RCC_GetFlagStatus)
    RCC_GetSYSCLKSource                      0x080029a9   Thumb Code    12  stm32f10x_rcc.o(.text.RCC_GetSYSCLKSource)
    RCC_HCLKConfig                           0x080029b5   Thumb Code    16  stm32f10x_rcc.o(.text.RCC_HCLKConfig)
    RCC_HSEConfig                            0x080029c5   Thumb Code    44  stm32f10x_rcc.o(.text.RCC_HSEConfig)
    RCC_PCLK1Config                          0x080029f1   Thumb Code    16  stm32f10x_rcc.o(.text.RCC_PCLK1Config)
    RCC_PCLK2Config                          0x08002a01   Thumb Code    16  stm32f10x_rcc.o(.text.RCC_PCLK2Config)
    RCC_PLLCmd                               0x08002a11   Thumb Code    12  stm32f10x_rcc.o(.text.RCC_PLLCmd)
    RCC_PLLConfig                            0x08002a1d   Thumb Code    16  stm32f10x_rcc.o(.text.RCC_PLLConfig)
    RCC_SYSCLKConfig                         0x08002a2d   Thumb Code    20  stm32f10x_rcc.o(.text.RCC_SYSCLKConfig)
    RCC_WaitForHSEStartUp                    0x08002a41   Thumb Code    44  stm32f10x_rcc.o(.text.RCC_WaitForHSEStartUp)
    SPI_BufferWrite_Data                     0x08002a6d   Thumb Code   132  spi_book.o(.text.SPI_BufferWrite_Data)
    SPI_Cmd                                  0x08002af1   Thumb Code    18  stm32f10x_spi.o(.text.SPI_Cmd)
    SPI_Erase_Sector                         0x08002b05   Thumb Code    48  spi_book.o(.text.SPI_Erase_Sector)
    SPI_FLASH_Init                           0x08002b35   Thumb Code   152  spi_book.o(.text.SPI_FLASH_Init)
    SPI_Flash_WAKEUP                         0x08002c39   Thumb Code    20  spi_book.o(.text.SPI_Flash_WAKEUP)
    SPI_I2S_GetFlagStatus                    0x08002c4d   Thumb Code    10  stm32f10x_spi.o(.text.SPI_I2S_GetFlagStatus)
    SPI_I2S_ReceiveData                      0x08002c57   Thumb Code     4  stm32f10x_spi.o(.text.SPI_I2S_ReceiveData)
    SPI_I2S_SendData                         0x08002c5b   Thumb Code     4  stm32f10x_spi.o(.text.SPI_I2S_SendData)
    SPI_Init                                 0x08002c5f   Thumb Code    54  stm32f10x_spi.o(.text.SPI_Init)
    SPI_Read_Data                            0x08002c95   Thumb Code    68  spi_book.o(.text.SPI_Read_Data)
    SPI_Read_ID                              0x08002cd9   Thumb Code    52  spi_book.o(.text.SPI_Read_ID)
    SPI_Show_Data                            0x08002d0d   Thumb Code    60  spi_book.o(.text.SPI_Show_Data)
    SPI_Write_Data                           0x08002da1   Thumb Code   132  spi_book.o(.text.SPI_Write_Data)
    SRAM_Init                                0x08002e3d   Thumb Code   664  sram_book.o(.text.SRAM_Init)
    SRAM_Test                                0x080030d5   Thumb Code   276  sram_book.o(.text.SRAM_Test)
    SRAM_Write                               0x080031e9   Thumb Code   124  sram_book.o(.text.SRAM_Write)
    SVC_Handler                              0x08003265   Thumb Code     2  stm32f10x_it.o(.text.SVC_Handler)
    Scan_file_Check                          0x08003269   Thumb Code    68  fatfs_book.o(.text.Scan_file_Check)
    SysTick_Handler                          0x080032ad   Thumb Code     4  systick_book.o(.text.SysTick_Handler)
    SystemInit                               0x080032b1   Thumb Code   240  system_stm32f10x.o(.text.SystemInit)
    USART1_IRQHandler                        0x080033a1   Thumb Code    36  usart_book.o(.text.USART1_IRQHandler)
    USART_Cmd                                0x080033c5   Thumb Code    18  stm32f10x_usart.o(.text.USART_Cmd)
    USART_DMACmd                             0x080033d7   Thumb Code    16  stm32f10x_usart.o(.text.USART_DMACmd)
    USART_GetFlagStatus                      0x080033e7   Thumb Code    10  stm32f10x_usart.o(.text.USART_GetFlagStatus)
    USART_GetITStatus                        0x080033f1   Thumb Code    56  stm32f10x_usart.o(.text.USART_GetITStatus)
    USART_ITConfig                           0x08003429   Thumb Code    44  stm32f10x_usart.o(.text.USART_ITConfig)
    USART_Init                               0x08003455   Thumb Code   164  stm32f10x_usart.o(.text.USART_Init)
    USART_ReceiveData                        0x080034f9   Thumb Code     8  stm32f10x_usart.o(.text.USART_ReceiveData)
    USART_SendData                           0x08003501   Thumb Code     8  stm32f10x_usart.o(.text.USART_SendData)
    UsageFault_Handler                       0x08003509   Thumb Code     2  stm32f10x_it.o(.text.UsageFault_Handler)
    Usart_SendHalf_32_Word                   0x0800350b   Thumb Code    40  usart_book.o(.text.Usart_SendHalf_32_Word)
    XPT2046_GPIO_Init                        0x08003549   Thumb Code   112  xpt2046_lcd_book.o(.text.XPT2046_GPIO_Init)
    XPT2046_ReadAdc_Smooth_XY                0x0800367d   Thumb Code   348  xpt2046_lcd_function_book.o(.text.XPT2046_ReadAdc_Smooth_XY)
    XPT2046_ReadAdc_XY                       0x080037d9   Thumb Code    72  xpt2046_lcd_book.o(.text.XPT2046_ReadAdc_XY)
    XPT2046_Touch_Calibrate                  0x08003821   Thumb Code   676  xpt2046_lcd_function_book.o(.text.XPT2046_Touch_Calibrate)
    XPT2046_Touch_Calibrate_Page             0x08003ac5   Thumb Code   576  lcd_pagehtml_book.o(.text.XPT2046_Touch_Calibrate_Page)
    XPT2046_Touch_Calibrate_SetStand4Pint    0x08003d05   Thumb Code    60  xpt2046_lcd_function_book.o(.text.XPT2046_Touch_Calibrate_SetStand4Pint)
    _Buffer_Show                             0x08003d41   Thumb Code    28  dma_book.o(.text._Buffer_Show)
    _Buffercmp                               0x08003d5d   Thumb Code    30  dma_book.o(.text._Buffercmp)
    _DMA_Config                              0x08003d7b   Thumb Code    86  dma_book.o(.text._DMA_Config)
    _DMA_RAM_TO_USART                        0x08003dd1   Thumb Code   160  dma_book.o(.text._DMA_RAM_TO_USART)
    _DMA_ROM_TO_RAM                          0x08003e71   Thumb Code   176  dma_book.o(.text._DMA_ROM_TO_RAM)
    _I2C_EE_Init                             0x08003f21   Thumb Code   116  i2c_book.o(.text._I2C_EE_Init)
    _USART_DMA_Config                        0x08003f95   Thumb Code    80  dma_book.o(.text._USART_DMA_Config)
    clust2sect                               0x0800405b   Thumb Code    22  ff.o(.text.clust2sect)
    disk_initialize                          0x080047c3   Thumb Code    28  diskio.o(.text.disk_initialize)
    disk_ioctl                               0x080047df   Thumb Code    40  diskio.o(.text.disk_ioctl)
    disk_read                                0x08004807   Thumb Code    32  diskio.o(.text.disk_read)
    disk_status                              0x08004829   Thumb Code    28  diskio.o(.text.disk_status)
    disk_write                               0x08004845   Thumb Code    44  diskio.o(.text.disk_write)
    f_close                                  0x08004871   Thumb Code    28  ff.o(.text.f_close)
    f_closedir                               0x0800488d   Thumb Code    18  ff.o(.text.f_closedir)
    f_getfree                                0x0800489f   Thumb Code   228  ff.o(.text.f_getfree)
    f_lseek                                  0x08004983   Thumb Code   352  ff.o(.text.f_lseek)
    f_mkdir                                  0x08004ae3   Thumb Code   348  ff.o(.text.f_mkdir)
    f_mkfs                                   0x08004c41   Thumb Code  1456  ff.o(.text.f_mkfs)
    f_mount                                  0x080051f1   Thumb Code    76  ff.o(.text.f_mount)
    f_open                                   0x0800523d   Thumb Code   312  ff.o(.text.f_open)
    f_opendir                                0x08005375   Thumb Code    98  ff.o(.text.f_opendir)
    f_printf                                 0x080053d9   Thumb Code   556  ff.o(.text.f_printf)
    f_read                                   0x08005605   Thumb Code   350  ff.o(.text.f_read)
    f_readdir                                0x08005763   Thumb Code    86  ff.o(.text.f_readdir)
    f_rename                                 0x080057b9   Thumb Code   250  ff.o(.text.f_rename)
    f_stat                                   0x080058b3   Thumb Code    66  ff.o(.text.f_stat)
    f_sync                                   0x080058f5   Thumb Code   140  ff.o(.text.f_sync)
    f_unlink                                 0x08005981   Thumb Code   150  ff.o(.text.f_unlink)
    f_write                                  0x08005a17   Thumb Code   394  ff.o(.text.f_write)
    ff_convert                               0x08005ba1   Thumb Code    84  cc936.o(.text.ff_convert)
    ff_wtoupper                              0x08005bf5   Thumb Code    76  cc936.o(.text.ff_wtoupper)
    file_check                               0x08005c41   Thumb Code   304  fatfs_book.o(.text.file_check)
    fn_DMA_show_Init                         0x08005fc5   Thumb Code    92  main.o(.text.fn_DMA_show_Init)
    fn_EXTI_GPIO_Config                      0x08006021   Thumb Code    72  exit_book.o(.text.fn_EXTI_GPIO_Config)
    fn_FatFs_Document_Init                   0x08006069   Thumb Code    96  main.o(.text.fn_FatFs_Document_Init)
    fn_HRCC_SetSystic                        0x080060c9   Thumb Code   106  rcc_book.o(.text.fn_HRCC_SetSystic)
    fn_I2C_EE_Init                           0x08006135   Thumb Code   100  main.o(.text.fn_I2C_EE_Init)
    fn_I2C_EE_Soft_Init                      0x08006199   Thumb Code   108  main.o(.text.fn_I2C_EE_Soft_Init)
    fn_Key_GPIO_Config                       0x08006205   Thumb Code    30  key_book.o(.text.fn_Key_GPIO_Config)
    fn_Key_Init                              0x08006225   Thumb Code    48  key_book.o(.text.fn_Key_Init)
    fn_LED_ALL_OFF                           0x08006255   Thumb Code    36  led_book.o(.text.fn_LED_ALL_OFF)
    fn_LED_Corporate                         0x08006279   Thumb Code    56  led_book.o(.text.fn_LED_Corporate)
    fn_LED_Flash_Init                        0x080062b1   Thumb Code   128  main.o(.text.fn_LED_Flash_Init)
    fn_LED_GPIO_Config                       0x08006331   Thumb Code    46  led_book.o(.text.fn_LED_GPIO_Config)
    fn_Lcd_Page1                             0x08006361   Thumb Code   716  lcd_pagehtml_book.o(.text.fn_Lcd_Page1)
    fn_Lcd_Page2                             0x0800662d   Thumb Code   820  lcd_pagehtml_book.o(.text.fn_Lcd_Page2)
    fn_Led_Init                              0x08006961   Thumb Code    60  led_book.o(.text.fn_Led_Init)
    fn_NVIC_Config                           0x0800699d   Thumb Code    40  exit_book.o(.text.fn_NVIC_Config)
    fn_RCC_Init                              0x080069c5   Thumb Code     8  rcc_book.o(.text.fn_RCC_Init)
    fn_SPI_FLASH_Soft_Init                   0x080069cd   Thumb Code   256  main.o(.text.fn_SPI_FLASH_Soft_Init)
    fn_SRAM_Init                             0x08006acd   Thumb Code   180  main.o(.text.fn_SRAM_Init)
    fn_SysTick_delay_decrement               0x08006b81   Thumb Code    48  systick_book.o(.text.fn_SysTick_delay_decrement)
    fn_Systick_Delay                         0x08006bb1   Thumb Code   108  systick_book.o(.text.fn_Systick_Delay)
    fn_Systick_Delay_Handler_set             0x08006c1d   Thumb Code   108  systick_book.o(.text.fn_Systick_Delay_Handler_set)
    fn_USART_Config                          0x08006c89   Thumb Code    92  usart_book.o(.text.fn_USART_Config)
    fn_USART_IO_Config                       0x08006ce5   Thumb Code    48  usart_book.o(.text.fn_USART_IO_Config)
    fn_USART_Init                            0x08006d15   Thumb Code    14  usart_book.o(.text.fn_USART_Init)
    fn_Usart_SendString                      0x08006d23   Thumb Code    40  usart_book.o(.text.fn_Usart_SendString)
    fn_Usart_Send_Byte                       0x08006d4b   Thumb Code    22  usart_book.o(.text.fn_Usart_Send_Byte)
    fn_key_Check                             0x08006d61   Thumb Code    14  key_book.o(.text.fn_key_Check)
    fn_key_Effect                            0x08006d71   Thumb Code    56  key_book.o(.text.fn_key_Effect)
    fn_key_judge                             0x08006da9   Thumb Code   136  key_book.o(.text.fn_key_judge)
    fn_usart_show_Init                       0x08006e31   Thumb Code    72  main.o(.text.fn_usart_show_Init)
    fputc                                    0x08007149   Thumb Code    36  usart_book.o(.text.fputc)
    get_fat                                  0x0800716d   Thumb Code   238  ff.o(.text.get_fat)
    get_fattime                              0x0800725d   Thumb Code     8  diskio.o(.text.get_fattime)
    main                                     0x08007389   Thumb Code   252  main.o(.text.main)
    put_fat                                  0x080074d9   Thumb Code   280  ff.o(.text.put_fat)
    __0printf                                0x08007849   Thumb Code    22  printfa.o(i.__0printf)
    __1printf                                0x08007849   Thumb Code     0  printfa.o(i.__0printf)
    __2printf                                0x08007849   Thumb Code     0  printfa.o(i.__0printf)
    __c89printf                              0x08007849   Thumb Code     0  printfa.o(i.__0printf)
    printf                                   0x08007849   Thumb Code     0  printfa.o(i.__0printf)
    __0sprintf                               0x08007869   Thumb Code    34  printfa.o(i.__0sprintf)
    __1sprintf                               0x08007869   Thumb Code     0  printfa.o(i.__0sprintf)
    __2sprintf                               0x08007869   Thumb Code     0  printfa.o(i.__0sprintf)
    __c89sprintf                             0x08007869   Thumb Code     0  printfa.o(i.__0sprintf)
    sprintf                                  0x08007869   Thumb Code     0  printfa.o(i.__0sprintf)
    __scatterload_copy                       0x08007891   Thumb Code    14  handlers.o(i.__scatterload_copy)
    __scatterload_null                       0x0800789f   Thumb Code     2  handlers.o(i.__scatterload_null)
    __scatterload_zeroinit                   0x080078a1   Thumb Code    14  handlers.o(i.__scatterload_zeroinit)
    putchar                                  0x0800816d   Thumb Code     6  putchar.o(i.putchar)
    puts                                     0x08008179   Thumb Code    30  puts.o(i.puts)
    ASCII16x24_Table                         0x080081b0   Data        4560  fonts.o(.rodata.ASCII16x24_Table)
    ASCII24x32_Table                         0x08009380   Data        9120  fonts.o(.rodata.ASCII24x32_Table)
    ASCII8x16_Table                          0x0800b720   Data        1520  fonts.o(.rodata.ASCII8x16_Table)
    aSRC_Cont_Buffer                         0x0800bd20   Data          80  dma_book.o(.rodata.aSRC_Cont_Buffer)
    Region$$Table$$Base                      0x08037058   Number         0  anon$$obj.o(Region$$Table)
    Region$$Table$$Limit                     0x08037078   Number         0  anon$$obj.o(Region$$Table)
    __stdout                                 0x20000000   Data           4  stdout.o(.data)
    LCD_SCAN_MODE                            0x20000004   Data           1  lcd_book.o(.data..L_MergedGlobals)
    LCD_X_LENGTH                             0x20000006   Data           2  lcd_book.o(.data..L_MergedGlobals)
    LCD_Y_LENGTH                             0x20000008   Data           2  lcd_book.o(.data..L_MergedGlobals)
    Font16x24                                0x2000000c   Data           8  fonts.o(.data.Font16x24)
    Font24x32                                0x20000014   Data           8  fonts.o(.data.Font24x32)
    Font8x16                                 0x2000001c   Data           8  fonts.o(.data.Font8x16)
    LCD_Currentfonts                         0x20000024   Data           4  lcd_draw_book.o(.data.LCD_Currentfonts)
    SystemCoreClock                          0x2000002c   Data           4  system_stm32f10x.o(.data.SystemCoreClock)
    strXPT2046_TouchPara                     0x20000030   Data         192  xpt2046_lcd_function_book.o(.data.strXPT2046_TouchPara)
    test_modu2                               0x200000f0   Data        2048  lcd_pagehtml_book.o(.data.test_modu2)
    key_flag                                 0x20000900   Data           1  key_book.o(.bss..L_MergedGlobals)
    Count_Modle_flag                         0x20000902   Data           2  key_book.o(.bss..L_MergedGlobals)
    USART_BUFFER_SIZE                        0x20000910   Data           4  dma_book.o(.bss..L_MergedGlobals)
    USART_DMA_Buffer                         0x20000914   Data           4  dma_book.o(.bss..L_MergedGlobals)
    res_flash                                0x20000918   Data           1  fatfs_book.o(.bss..L_MergedGlobals)
    fnum                                     0x2000091c   Data           4  fatfs_book.o(.bss..L_MergedGlobals)
    CurrentForecolor                         0x20000940   Data           2  lcd_draw_book.o(.bss..L_MergedGlobals)
    CurrentBackColor                         0x20000942   Data           2  lcd_draw_book.o(.bss..L_MergedGlobals)
    XPT2046_LCD_flag                         0x20000944   Data           1  xpt2046_lcd_function_book.o(.bss..L_MergedGlobals)
    strCrossCoordinate                       0x20000948   Data          32  xpt2046_lcd_function_book.o(.bss..L_MergedGlobals)
    strScreenSample                          0x20000968   Data          32  xpt2046_lcd_function_book.o(.bss..L_MergedGlobals)
    aDST_Buffer                              0x200019a0   Data          80  dma_book.o(.bss.aDST_Buffer)
    fnew                                     0x200019f0   Data        4132  fatfs_book.o(.bss.fnew)
    fs                                       0x20002a14   Data        4144  fatfs_book.o(.bss.fs)
    ucXPT2046_TouchFlag                      0x20003c43   Data           1  xpt2046_lcd_function_book.o(.bss.ucXPT2046_TouchFlag)
    zoomBuff                                 0x20004c44   Data       16384  lcd_draw_book.o(.bss.zoomBuff)
    zoomTempBuff                             0x20008c44   Data        1024  lcd_draw_book.o(.bss.zoomTempBuff)
    __initial_sp                             0x20009448   Data           0  startup_stm32f10x_hd.o(STACK)



==============================================================================

Memory Map of the image

  Image Entry point : 0x08000131

  Load Region LR_IROM1 (Base: 0x08000000, Size: 0x00037978, Max: 0x00080000, ABSOLUTE, COMPRESSED[0x00037218])

    Execution Region ER_IROM1 (Exec base: 0x08000000, Load base: 0x08000000, Size: 0x00037078, Max: 0x00080000, ABSOLUTE)

    Exec Addr    Load Addr    Size         Type   Attr      Idx    E Section Name        Object

    0x08000000   0x08000000   0x00000130   Data   RO            3    RESET               startup_stm32f10x_hd.o
    0x08000130   0x08000130   0x00000000   Code   RO         1783  * .ARM.Collect$$$$00000000  mc_w.l(entry.o)
    0x08000130   0x08000130   0x00000004   Code   RO         2071    .ARM.Collect$$$$00000001  mc_w.l(entry2.o)
    0x08000134   0x08000134   0x00000004   Code   RO         2074    .ARM.Collect$$$$00000004  mc_w.l(entry5.o)
    0x08000138   0x08000138   0x00000000   Code   RO         2076    .ARM.Collect$$$$00000008  mc_w.l(entry7b.o)
    0x08000138   0x08000138   0x00000000   Code   RO         2078    .ARM.Collect$$$$0000000A  mc_w.l(entry8b.o)
    0x08000138   0x08000138   0x00000008   Code   RO         2079    .ARM.Collect$$$$0000000B  mc_w.l(entry9a.o)
    0x08000140   0x08000140   0x00000000   Code   RO         2081    .ARM.Collect$$$$0000000D  mc_w.l(entry10a.o)
    0x08000140   0x08000140   0x00000000   Code   RO         2083    .ARM.Collect$$$$0000000F  mc_w.l(entry11a.o)
    0x08000140   0x08000140   0x00000004   Code   RO         2072    .ARM.Collect$$$$00002712  mc_w.l(entry2.o)
    0x08000144   0x08000144   0x00000024   Code   RO            4    .text               startup_stm32f10x_hd.o
    0x08000168   0x08000168   0x00000024   Code   RO         1792    .text               mc_w.l(memseta.o)
    0x0800018c   0x0800018c   0x0000000e   Code   RO         1794    .text               mc_w.l(strlen.o)
    0x0800019a   0x0800019a   0x00000012   Code   RO         1796    .text               mc_w.l(strcpy.o)
    0x080001ac   0x080001ac   0x000000b0   Code   RO         2059    .text               mf_w.l(fadd.o)
    0x0800025c   0x0800025c   0x00000064   Code   RO         2061    .text               mf_w.l(fmul.o)
    0x080002c0   0x080002c0   0x0000007c   Code   RO         2063    .text               mf_w.l(fdiv.o)
    0x0800033c   0x0800033c   0x00000012   Code   RO         2065    .text               mf_w.l(fflti.o)
    0x0800034e   0x0800034e   0x00000032   Code   RO         2067    .text               mf_w.l(ffixi.o)
    0x08000380   0x08000380   0x00000026   Code   RO         2069    .text               mf_w.l(f2d.o)
    0x080003a6   0x080003a6   0x0000002c   Code   RO         2086    .text               mc_w.l(uidiv.o)
    0x080003d2   0x080003d2   0x00000062   Code   RO         2088    .text               mc_w.l(uldiv.o)
    0x08000434   0x08000434   0x00000000   Code   RO         2090    .text               mc_w.l(iusefp.o)
    0x08000434   0x08000434   0x0000006e   Code   RO         2091    .text               mf_w.l(fepilogue.o)
    0x080004a2   0x080004a2   0x0000014e   Code   RO         2093    .text               mf_w.l(dadd.o)
    0x080005f0   0x080005f0   0x000000e4   Code   RO         2095    .text               mf_w.l(dmul.o)
    0x080006d4   0x080006d4   0x000000de   Code   RO         2097    .text               mf_w.l(ddiv.o)
    0x080007b2   0x080007b2   0x00000030   Code   RO         2099    .text               mf_w.l(dfixul.o)
    0x080007e2   0x080007e2   0x00000002   PAD
    0x080007e4   0x080007e4   0x00000030   Code   RO         2101    .text               mf_w.l(cdrcmple.o)
    0x08000814   0x08000814   0x00000024   Code   RO         2103    .text               mc_w.l(init.o)
    0x08000838   0x08000838   0x0000001e   Code   RO         2105    .text               mc_w.l(llshl.o)
    0x08000856   0x08000856   0x00000020   Code   RO         2107    .text               mc_w.l(llushr.o)
    0x08000876   0x08000876   0x00000024   Code   RO         2109    .text               mc_w.l(llsshr.o)
    0x0800089a   0x0800089a   0x000000ba   Code   RO         2111    .text               mf_w.l(depilogue.o)
    0x08000954   0x08000954   0x0000003a   Code   RO         2121    .text               mc_w.l(__dczerorl.o)
    0x0800098e   0x0800098e   0x00000002   Code   RO         1767    .text.BusFault_Handler  stm32f10x_it.o
    0x08000990   0x08000990   0x00000018   Code   RO          319    .text.DMA_Cmd       stm32f10x_dma.o
    0x080009a8   0x080009a8   0x00000018   Code   RO          327    .text.DMA_GetFlagStatus  stm32f10x_dma.o
    0x080009c0   0x080009c0   0x00000046   Code   RO          315    .text.DMA_Init      stm32f10x_dma.o
    0x08000a06   0x08000a06   0x00000002   Code   RO         1773    .text.DebugMon_Handler  stm32f10x_it.o
    0x08000a08   0x08000a08   0x00000068   Code   RO         1508    .text.Display_Char_test  lcd_pagehtml_book.o
    0x08000a70   0x08000a70   0x00000050   Code   RO         1308    .text.EE_Soft_Check_State  i2c_soft_book.o
    0x08000ac0   0x08000ac0   0x000000b4   Code   RO         1304    .text.EE_Soft_WriteBytes  i2c_soft_book.o
    0x08000b74   0x08000b74   0x00000034   Code   RO         1154    .text.EXTI0_IRQHandler  exit_book.o
    0x08000ba8   0x08000ba8   0x00000038   Code   RO         1156    .text.EXTI15_10_IRQHandler  exit_book.o
    0x08000be0   0x08000be0   0x0000000c   Code   RO          357    .text.EXTI_ClearITPendingBit  stm32f10x_exti.o
    0x08000bec   0x08000bec   0x00000018   Code   RO          355    .text.EXTI_GetITStatus  stm32f10x_exti.o
    0x08000c04   0x08000c04   0x00000060   Code   RO          345    .text.EXTI_Init     stm32f10x_exti.o
    0x08000c64   0x08000c64   0x00000014   Code   RO          371    .text.FLASH_PrefetchBufferCmd  stm32f10x_flash.o
    0x08000c78   0x08000c78   0x00000014   Code   RO          367    .text.FLASH_SetLatency  stm32f10x_flash.o
    0x08000c8c   0x08000c8c   0x00000024   Code   RO          449    .text.FSMC_NORSRAMCmd  stm32f10x_fsmc.o
    0x08000cb0   0x08000cb0   0x000000b0   Code   RO          437    .text.FSMC_NORSRAMInit  stm32f10x_fsmc.o
    0x08000d60   0x08000d60   0x00000020   Code   RO         1370    .text.FatFs_Close_flash  fatfs_book.o
    0x08000d80   0x08000d80   0x00000118   Code   RO         1372    .text.FatFs_document_Text  fatfs_book.o
    0x08000e98   0x08000e98   0x000000f4   Code   RO         1374    .text.FatFs_document_set_content  fatfs_book.o
    0x08000f8c   0x08000f8c   0x00000148   Code   RO         1368    .text.FatFs_equipment_flash  fatfs_book.o
    0x080010d4   0x080010d4   0x00000028   Code   RO          509    .text.GPIO_EXTILineConfig  stm32f10x_gpio.o
    0x080010fc   0x080010fc   0x000000b4   Code   RO          481    .text.GPIO_Init     stm32f10x_gpio.o
    0x080011b0   0x080011b0   0x0000000a   Code   RO          485    .text.GPIO_ReadInputDataBit  stm32f10x_gpio.o
    0x080011ba   0x080011ba   0x0000000a   Code   RO          489    .text.GPIO_ReadOutputDataBit  stm32f10x_gpio.o
    0x080011c4   0x080011c4   0x00000004   Code   RO          495    .text.GPIO_ResetBits  stm32f10x_gpio.o
    0x080011c8   0x080011c8   0x00000004   Code   RO          493    .text.GPIO_SetBits  stm32f10x_gpio.o
    0x080011cc   0x080011cc   0x00000048   Code   RO         1710    .text.GetGBKCode_from_EXFlash  fonts.o
    0x08001214   0x08001214   0x00000002   Code   RO         1763    .text.HardFault_Handler  stm32f10x_it.o
    0x08001216   0x08001216   0x00000012   Code   RO          538    .text.I2C_AcknowledgeConfig  stm32f10x_i2c.o
    0x08001228   0x08001228   0x00000016   Code   RO          576    .text.I2C_CheckEvent  stm32f10x_i2c.o
    0x0800123e   0x0800123e   0x00000006   Code   RO          582    .text.I2C_ClearFlag  stm32f10x_i2c.o
    0x08001244   0x08001244   0x00000012   Code   RO          528    .text.I2C_Cmd       stm32f10x_i2c.o
    0x08001256   0x08001256   0x00000002   PAD
    0x08001258   0x08001258   0x0000004c   Code   RO         1286    .text.I2C_EE_WaitEepromStandbyState  i2c_book.o
    0x080012a4   0x080012a4   0x00000012   Code   RO          534    .text.I2C_GenerateSTART  stm32f10x_i2c.o
    0x080012b6   0x080012b6   0x00000012   Code   RO          536    .text.I2C_GenerateSTOP  stm32f10x_i2c.o
    0x080012c8   0x080012c8   0x00000034   Code   RO          580    .text.I2C_GetFlagStatus  stm32f10x_i2c.o
    0x080012fc   0x080012fc   0x000000bc   Code   RO          524    .text.I2C_Init      stm32f10x_i2c.o
    0x080013b8   0x080013b8   0x00000016   Code   RO          554    .text.I2C_ReadRegister  stm32f10x_i2c.o
    0x080013ce   0x080013ce   0x00000002   PAD
    0x080013d0   0x080013d0   0x000001fc   Code   RO         1288    .text.I2C_Read_fun  i2c_book.o
    0x080015cc   0x080015cc   0x00000006   Code   RO          550    .text.I2C_ReceiveData  stm32f10x_i2c.o
    0x080015d2   0x080015d2   0x00000010   Code   RO          552    .text.I2C_Send7bitAddress  stm32f10x_i2c.o
    0x080015e2   0x080015e2   0x00000002   PAD
    0x080015e4   0x080015e4   0x00000054   Code   RO         1318    .text.I2C_SendByte  i2c_soft_book.o
    0x08001638   0x08001638   0x00000004   Code   RO          548    .text.I2C_SendData  stm32f10x_i2c.o
    0x0800163c   0x0800163c   0x00000014   Code   RO         1306    .text.I2C_Soft_Init  i2c_soft_book.o
    0x08001650   0x08001650   0x000001a4   Code   RO         1312    .text.I2C_Soft_Read_fun  i2c_soft_book.o
    0x080017f4   0x080017f4   0x000000b0   Code   RO         1310    .text.I2C_Soft_Write_fun  i2c_soft_book.o
    0x080018a4   0x080018a4   0x0000002c   Code   RO         1316    .text.I2C_Start     i2c_soft_book.o
    0x080018d0   0x080018d0   0x0000001c   Code   RO         1314    .text.I2C_Stop      i2c_soft_book.o
    0x080018ec   0x080018ec   0x0000003c   Code   RO         1290    .text.I2C_TIMEOUT_UserCallback  i2c_book.o
    0x08001928   0x08001928   0x00000034   Code   RO         1320    .text.I2C_WaitAck   i2c_soft_book.o
    0x0800195c   0x0800195c   0x0000019c   Code   RO         1284    .text.I2C_Write_fun  i2c_book.o
    0x08001af8   0x08001af8   0x00000018   Code   RO         1419    .text.ILI9341_BackLed_Control  lcd_book.o
    0x08001b10   0x08001b10   0x0000001c   Code   RO         1442    .text.ILI9341_Clear  lcd_draw_book.o
    0x08001b2c   0x08001b2c   0x00000012   Code   RO         1417    .text.ILI9341_Delay  lcd_book.o
    0x08001b3e   0x08001b3e   0x00000002   PAD
    0x08001b40   0x08001b40   0x00000078   Code   RO         1478    .text.ILI9341_DispChar_CH  lcd_draw_book.o
    0x08001bb8   0x08001bb8   0x00000080   Code   RO         1470    .text.ILI9341_DispChar_EN  lcd_draw_book.o
    0x08001c38   0x08001c38   0x00000068   Code   RO         1472    .text.ILI9341_DispStringLine_EN  lcd_draw_book.o
    0x08001ca0   0x08001ca0   0x000000a8   Code   RO         1482    .text.ILI9341_DispStringLine_EN_CH  lcd_draw_book.o
    0x08001d48   0x08001d48   0x00000054   Code   RO         1480    .text.ILI9341_DispString_CH  lcd_draw_book.o
    0x08001d9c   0x08001d9c   0x000000ac   Code   RO         1484    .text.ILI9341_DispString_EN_CH  lcd_draw_book.o
    0x08001e48   0x08001e48   0x000000d0   Code   RO         1492    .text.ILI9341_DisplayStringEx  lcd_draw_book.o
    0x08001f18   0x08001f18   0x0000005c   Code   RO         1490    .text.ILI9341_DrawChar_Ex  lcd_draw_book.o
    0x08001f74   0x08001f74   0x0000018c   Code   RO         1462    .text.ILI9341_DrawCircle  lcd_draw_book.o
    0x08002100   0x08002100   0x00000034   Code   RO         1464    .text.ILI9341_DrawCross  lcd_draw_book.o
    0x08002134   0x08002134   0x0000009e   Code   RO         1458    .text.ILI9341_DrawLine  lcd_draw_book.o
    0x080021d2   0x080021d2   0x00000002   PAD
    0x080021d4   0x080021d4   0x00000084   Code   RO         1460    .text.ILI9341_DrawRectangle  lcd_draw_book.o
    0x08002258   0x08002258   0x0000001a   Code   RO         1444    .text.ILI9341_FillColor  lcd_draw_book.o
    0x08002272   0x08002272   0x00000002   PAD
    0x08002274   0x08002274   0x00000034   Code   RO         1438    .text.ILI9341_GetPointPixel  lcd_draw_book.o
    0x080022a8   0x080022a8   0x00000080   Code   RO         1423    .text.ILI9341_GramScan  lcd_book.o
    0x08002328   0x08002328   0x0000031c   Code   RO         1425    .text.ILI9341_Init  lcd_book.o
    0x08002644   0x08002644   0x00000054   Code   RO         1436    .text.ILI9341_OpenWindow  lcd_draw_book.o
    0x08002698   0x08002698   0x00000008   Code   RO         1415    .text.ILI9341_Read_Data  lcd_book.o
    0x080026a0   0x080026a0   0x00000030   Code   RO         1421    .text.ILI9341_Rst   lcd_book.o
    0x080026d0   0x080026d0   0x00000006   Code   RO         1440    .text.ILI9341_SetCursor  lcd_draw_book.o
    0x080026d6   0x080026d6   0x00000002   PAD
    0x080026d8   0x080026d8   0x00000034   Code   RO         1456    .text.ILI9341_SetPointPixel  lcd_draw_book.o
    0x0800270c   0x0800270c   0x00000008   Code   RO         1411    .text.ILI9341_Write_Cmd  lcd_book.o
    0x08002714   0x08002714   0x00000008   Code   RO         1413    .text.ILI9341_Write_Data  lcd_book.o
    0x0800271c   0x0800271c   0x000000d4   Code   RO         1488    .text.ILI9341_zoomChar  lcd_draw_book.o
    0x080027f0   0x080027f0   0x00000008   Code   RO         1448    .text.LCD_GetFont   lcd_draw_book.o
    0x080027f8   0x080027f8   0x00000008   Code   RO         1450    .text.LCD_SetColors  lcd_draw_book.o
    0x08002800   0x08002800   0x0000000c   Code   RO         1468    .text.LCD_SetFont   lcd_draw_book.o
    0x0800280c   0x0800280c   0x00000008   Code   RO         1452    .text.LCD_SetForeColor  lcd_draw_book.o
    0x08002814   0x08002814   0x0000000c   Code   RO         1466    .text.LCD_SetTextColor  lcd_draw_book.o
    0x08002820   0x08002820   0x00000002   Code   RO         1765    .text.MemManage_Handler  stm32f10x_it.o
    0x08002822   0x08002822   0x00000002   Code   RO         1761    .text.NMI_Handler   stm32f10x_it.o
    0x08002824   0x08002824   0x00000050   Code   RO           27    .text.NVIC_Init     misc.o
    0x08002874   0x08002874   0x00000014   Code   RO           25    .text.NVIC_PriorityGroupConfig  misc.o
    0x08002888   0x08002888   0x00000002   Code   RO         1775    .text.PendSV_Handler  stm32f10x_it.o
    0x0800288a   0x0800288a   0x00000002   PAD
    0x0800288c   0x0800288c   0x00000018   Code   RO          684    .text.RCC_AHBPeriphClockCmd  stm32f10x_rcc.o
    0x080028a4   0x080028a4   0x00000018   Code   RO          688    .text.RCC_APB1PeriphClockCmd  stm32f10x_rcc.o
    0x080028bc   0x080028bc   0x00000018   Code   RO          686    .text.RCC_APB2PeriphClockCmd  stm32f10x_rcc.o
    0x080028d4   0x080028d4   0x0000003c   Code   RO          642    .text.RCC_DeInit    stm32f10x_rcc.o
    0x08002910   0x08002910   0x00000074   Code   RO          682    .text.RCC_GetClocksFreq  stm32f10x_rcc.o
    0x08002984   0x08002984   0x00000024   Code   RO          648    .text.RCC_GetFlagStatus  stm32f10x_rcc.o
    0x080029a8   0x080029a8   0x0000000c   Code   RO          660    .text.RCC_GetSYSCLKSource  stm32f10x_rcc.o
    0x080029b4   0x080029b4   0x00000010   Code   RO          662    .text.RCC_HCLKConfig  stm32f10x_rcc.o
    0x080029c4   0x080029c4   0x0000002c   Code   RO          644    .text.RCC_HSEConfig  stm32f10x_rcc.o
    0x080029f0   0x080029f0   0x00000010   Code   RO          664    .text.RCC_PCLK1Config  stm32f10x_rcc.o
    0x08002a00   0x08002a00   0x00000010   Code   RO          666    .text.RCC_PCLK2Config  stm32f10x_rcc.o
    0x08002a10   0x08002a10   0x0000000c   Code   RO          656    .text.RCC_PLLCmd    stm32f10x_rcc.o
    0x08002a1c   0x08002a1c   0x00000010   Code   RO          654    .text.RCC_PLLConfig  stm32f10x_rcc.o
    0x08002a2c   0x08002a2c   0x00000014   Code   RO          658    .text.RCC_SYSCLKConfig  stm32f10x_rcc.o
    0x08002a40   0x08002a40   0x0000002c   Code   RO          646    .text.RCC_WaitForHSEStartUp  stm32f10x_rcc.o
    0x08002a6c   0x08002a6c   0x00000084   Code   RO         1349    .text.SPI_BufferWrite_Data  spi_book.o
    0x08002af0   0x08002af0   0x00000012   Code   RO          830    .text.SPI_Cmd       stm32f10x_spi.o
    0x08002b02   0x08002b02   0x00000002   PAD
    0x08002b04   0x08002b04   0x00000030   Code   RO         1337    .text.SPI_Erase_Sector  spi_book.o
    0x08002b34   0x08002b34   0x00000098   Code   RO         1331    .text.SPI_FLASH_Init  spi_book.o
    0x08002bcc   0x08002bcc   0x0000006c   Code   RO         1335    .text.SPI_FLASH_Send_Byte  spi_book.o
    0x08002c38   0x08002c38   0x00000014   Code   RO         1353    .text.SPI_Flash_WAKEUP  spi_book.o
    0x08002c4c   0x08002c4c   0x0000000a   Code   RO          858    .text.SPI_I2S_GetFlagStatus  stm32f10x_spi.o
    0x08002c56   0x08002c56   0x00000004   Code   RO          840    .text.SPI_I2S_ReceiveData  stm32f10x_spi.o
    0x08002c5a   0x08002c5a   0x00000004   Code   RO          838    .text.SPI_I2S_SendData  stm32f10x_spi.o
    0x08002c5e   0x08002c5e   0x00000036   Code   RO          822    .text.SPI_Init      stm32f10x_spi.o
    0x08002c94   0x08002c94   0x00000044   Code   RO         1345    .text.SPI_Read_Data  spi_book.o
    0x08002cd8   0x08002cd8   0x00000034   Code   RO         1333    .text.SPI_Read_ID   spi_book.o
    0x08002d0c   0x08002d0c   0x0000003c   Code   RO         1355    .text.SPI_Show_Data  spi_book.o
    0x08002d48   0x08002d48   0x00000038   Code   RO         1357    .text.SPI_TIMEOUT_UserCallback  spi_book.o
    0x08002d80   0x08002d80   0x00000020   Code   RO         1341    .text.SPI_WaitForWriteEnd  spi_book.o
    0x08002da0   0x08002da0   0x00000084   Code   RO         1347    .text.SPI_Write_Data  spi_book.o
    0x08002e24   0x08002e24   0x00000018   Code   RO         1339    .text.SPI_Write_Enable  spi_book.o
    0x08002e3c   0x08002e3c   0x00000298   Code   RO         1398    .text.SRAM_Init     sram_book.o
    0x080030d4   0x080030d4   0x00000114   Code   RO         1396    .text.SRAM_Test     sram_book.o
    0x080031e8   0x080031e8   0x0000007c   Code   RO         1400    .text.SRAM_Write    sram_book.o
    0x08003264   0x08003264   0x00000002   Code   RO         1771    .text.SVC_Handler   stm32f10x_it.o
    0x08003266   0x08003266   0x00000002   PAD
    0x08003268   0x08003268   0x00000044   Code   RO         1378    .text.Scan_file_Check  fatfs_book.o
    0x080032ac   0x080032ac   0x00000004   Code   RO         1222    .text.SysTick_Handler  systick_book.o
    0x080032b0   0x080032b0   0x000000f0   Code   RO           11    .text.SystemInit    system_stm32f10x.o
    0x080033a0   0x080033a0   0x00000024   Code   RO         1249    .text.USART1_IRQHandler  usart_book.o
    0x080033c4   0x080033c4   0x00000012   Code   RO         1070    .text.USART_Cmd     stm32f10x_usart.o
    0x080033d6   0x080033d6   0x00000010   Code   RO         1074    .text.USART_DMACmd  stm32f10x_usart.o
    0x080033e6   0x080033e6   0x0000000a   Code   RO         1110    .text.USART_GetFlagStatus  stm32f10x_usart.o
    0x080033f0   0x080033f0   0x00000038   Code   RO         1114    .text.USART_GetITStatus  stm32f10x_usart.o
    0x08003428   0x08003428   0x0000002c   Code   RO         1072    .text.USART_ITConfig  stm32f10x_usart.o
    0x08003454   0x08003454   0x000000a4   Code   RO         1062    .text.USART_Init    stm32f10x_usart.o
    0x080034f8   0x080034f8   0x00000008   Code   RO         1088    .text.USART_ReceiveData  stm32f10x_usart.o
    0x08003500   0x08003500   0x00000008   Code   RO         1086    .text.USART_SendData  stm32f10x_usart.o
    0x08003508   0x08003508   0x00000002   Code   RO         1769    .text.UsageFault_Handler  stm32f10x_it.o
    0x0800350a   0x0800350a   0x00000028   Code   RO         1241    .text.Usart_SendHalf_32_Word  usart_book.o
    0x08003532   0x08003532   0x00000014   Code   RO         1533    .text.XPT2046_DelayUS  xpt2046_lcd_book.o
    0x08003546   0x08003546   0x00000002   PAD
    0x08003548   0x08003548   0x00000070   Code   RO         1527    .text.XPT2046_GPIO_Init  xpt2046_lcd_book.o
    0x080035b8   0x080035b8   0x000000c4   Code   RO         1531    .text.XPT2046_ReadAdc  xpt2046_lcd_book.o
    0x0800367c   0x0800367c   0x0000015c   Code   RO         1545    .text.XPT2046_ReadAdc_Smooth_XY  xpt2046_lcd_function_book.o
    0x080037d8   0x080037d8   0x00000048   Code   RO         1529    .text.XPT2046_ReadAdc_XY  xpt2046_lcd_book.o
    0x08003820   0x08003820   0x000002a4   Code   RO         1549    .text.XPT2046_Touch_Calibrate  xpt2046_lcd_function_book.o
    0x08003ac4   0x08003ac4   0x00000240   Code   RO         1510    .text.XPT2046_Touch_Calibrate_Page  lcd_pagehtml_book.o
    0x08003d04   0x08003d04   0x0000003c   Code   RO         1547    .text.XPT2046_Touch_Calibrate_SetStand4Pint  xpt2046_lcd_function_book.o
    0x08003d40   0x08003d40   0x0000001c   Code   RO         1265    .text._Buffer_Show  dma_book.o
    0x08003d5c   0x08003d5c   0x0000001e   Code   RO         1263    .text._Buffercmp    dma_book.o
    0x08003d7a   0x08003d7a   0x00000056   Code   RO         1259    .text._DMA_Config   dma_book.o
    0x08003dd0   0x08003dd0   0x000000a0   Code   RO         1269    .text._DMA_RAM_TO_USART  dma_book.o
    0x08003e70   0x08003e70   0x000000b0   Code   RO         1267    .text._DMA_ROM_TO_RAM  dma_book.o
    0x08003f20   0x08003f20   0x00000074   Code   RO         1282    .text._I2C_EE_Init  i2c_book.o
    0x08003f94   0x08003f94   0x00000050   Code   RO         1261    .text._USART_DMA_Config  dma_book.o
    0x08003fe4   0x08003fe4   0x00000068   Code   RO         1674    .text.check_fs      ff.o
    0x0800404c   0x0800404c   0x0000000e   Code   RO         1678    .text.chk_chr       ff.o
    0x0800405a   0x0800405a   0x00000016   Code   RO         1582    .text.clust2sect    ff.o
    0x08004070   0x08004070   0x000000a8   Code   RO         1616    .text.create_chain  ff.o
    0x08004118   0x08004118   0x00000144   Code   RO         1676    .text.dir_find      ff.o
    0x0800425c   0x0800425c   0x0000010c   Code   RO         1638    .text.dir_next      ff.o
    0x08004368   0x08004368   0x000000fc   Code   RO         1634    .text.dir_read      ff.o
    0x08004464   0x08004464   0x00000260   Code   RO         1600    .text.dir_register  ff.o
    0x080046c4   0x080046c4   0x00000066   Code   RO         1648    .text.dir_remove    ff.o
    0x0800472a   0x0800472a   0x00000098   Code   RO         1628    .text.dir_sdi       ff.o
    0x080047c2   0x080047c2   0x0000001c   Code   RO         1564    .text.disk_initialize  diskio.o
    0x080047de   0x080047de   0x00000028   Code   RO         1570    .text.disk_ioctl    diskio.o
    0x08004806   0x08004806   0x00000020   Code   RO         1566    .text.disk_read     diskio.o
    0x08004826   0x08004826   0x00000002   PAD
    0x08004828   0x08004828   0x0000001c   Code   RO         1562    .text.disk_status   diskio.o
    0x08004844   0x08004844   0x0000002c   Code   RO         1568    .text.disk_write    diskio.o
    0x08004870   0x08004870   0x0000001c   Code   RO         1622    .text.f_close       ff.o
    0x0800488c   0x0800488c   0x00000012   Code   RO         1630    .text.f_closedir    ff.o
    0x0800489e   0x0800489e   0x000000e4   Code   RO         1642    .text.f_getfree     ff.o
    0x08004982   0x08004982   0x00000160   Code   RO         1624    .text.f_lseek       ff.o
    0x08004ae2   0x08004ae2   0x0000015c   Code   RO         1650    .text.f_mkdir       ff.o
    0x08004c3e   0x08004c3e   0x00000002   PAD
    0x08004c40   0x08004c40   0x000005b0   Code   RO         1662    .text.f_mkfs        ff.o
    0x080051f0   0x080051f0   0x0000004c   Code   RO         1590    .text.f_mount       ff.o
    0x0800523c   0x0800523c   0x00000138   Code   RO         1596    .text.f_open        ff.o
    0x08005374   0x08005374   0x00000062   Code   RO         1626    .text.f_opendir     ff.o
    0x080053d6   0x080053d6   0x00000002   PAD
    0x080053d8   0x080053d8   0x0000022c   Code   RO         1672    .text.f_printf      ff.o
    0x08005604   0x08005604   0x0000015e   Code   RO         1608    .text.f_read        ff.o
    0x08005762   0x08005762   0x00000056   Code   RO         1632    .text.f_readdir     ff.o
    0x080057b8   0x080057b8   0x000000fa   Code   RO         1658    .text.f_rename      ff.o
    0x080058b2   0x080058b2   0x00000042   Code   RO         1640    .text.f_stat        ff.o
    0x080058f4   0x080058f4   0x0000008c   Code   RO         1618    .text.f_sync        ff.o
    0x08005980   0x08005980   0x00000096   Code   RO         1646    .text.f_unlink      ff.o
    0x08005a16   0x08005a16   0x0000018a   Code   RO         1614    .text.f_write       ff.o
    0x08005ba0   0x08005ba0   0x00000054   Code   RO         1694    .text.ff_convert    cc936.o
    0x08005bf4   0x08005bf4   0x0000004c   Code   RO         1696    .text.ff_wtoupper   cc936.o
    0x08005c40   0x08005c40   0x00000130   Code   RO         1376    .text.file_check    fatfs_book.o
    0x08005d70   0x08005d70   0x00000254   Code   RO         1594    .text.find_volume   ff.o
    0x08005fc4   0x08005fc4   0x0000005c   Code   RO         1732    .text.fn_DMA_show_Init  main.o
    0x08006020   0x08006020   0x00000048   Code   RO         1150    .text.fn_EXTI_GPIO_Config  exit_book.o
    0x08006068   0x08006068   0x00000060   Code   RO         1740    .text.fn_FatFs_Document_Init  main.o
    0x080060c8   0x080060c8   0x0000006a   Code   RO         1200    .text.fn_HRCC_SetSystic  rcc_book.o
    0x08006132   0x08006132   0x00000002   PAD
    0x08006134   0x08006134   0x00000064   Code   RO         1734    .text.fn_I2C_EE_Init  main.o
    0x08006198   0x08006198   0x0000006c   Code   RO         1736    .text.fn_I2C_EE_Soft_Init  main.o
    0x08006204   0x08006204   0x0000001e   Code   RO         1165    .text.fn_Key_GPIO_Config  key_book.o
    0x08006222   0x08006222   0x00000002   PAD
    0x08006224   0x08006224   0x00000030   Code   RO         1167    .text.fn_Key_Init   key_book.o
    0x08006254   0x08006254   0x00000024   Code   RO         1188    .text.fn_LED_ALL_OFF  led_book.o
    0x08006278   0x08006278   0x00000038   Code   RO         1190    .text.fn_LED_Corporate  led_book.o
    0x080062b0   0x080062b0   0x00000080   Code   RO         1728    .text.fn_LED_Flash_Init  main.o
    0x08006330   0x08006330   0x0000002e   Code   RO         1184    .text.fn_LED_GPIO_Config  led_book.o
    0x0800635e   0x0800635e   0x00000002   PAD
    0x08006360   0x08006360   0x000002cc   Code   RO         1512    .text.fn_Lcd_Page1  lcd_pagehtml_book.o
    0x0800662c   0x0800662c   0x00000334   Code   RO         1514    .text.fn_Lcd_Page2  lcd_pagehtml_book.o
    0x08006960   0x08006960   0x0000003c   Code   RO         1186    .text.fn_Led_Init   led_book.o
    0x0800699c   0x0800699c   0x00000028   Code   RO         1152    .text.fn_NVIC_Config  exit_book.o
    0x080069c4   0x080069c4   0x00000008   Code   RO         1206    .text.fn_RCC_Init   rcc_book.o
    0x080069cc   0x080069cc   0x00000100   Code   RO         1738    .text.fn_SPI_FLASH_Soft_Init  main.o
    0x08006acc   0x08006acc   0x000000b4   Code   RO         1742    .text.fn_SRAM_Init  main.o
    0x08006b80   0x08006b80   0x00000030   Code   RO         1220    .text.fn_SysTick_delay_decrement  systick_book.o
    0x08006bb0   0x08006bb0   0x0000006c   Code   RO         1216    .text.fn_Systick_Delay  systick_book.o
    0x08006c1c   0x08006c1c   0x0000006c   Code   RO         1218    .text.fn_Systick_Delay_Handler_set  systick_book.o
    0x08006c88   0x08006c88   0x0000005c   Code   RO         1235    .text.fn_USART_Config  usart_book.o
    0x08006ce4   0x08006ce4   0x00000030   Code   RO         1233    .text.fn_USART_IO_Config  usart_book.o
    0x08006d14   0x08006d14   0x0000000e   Code   RO         1243    .text.fn_USART_Init  usart_book.o
    0x08006d22   0x08006d22   0x00000028   Code   RO         1239    .text.fn_Usart_SendString  usart_book.o
    0x08006d4a   0x08006d4a   0x00000016   Code   RO         1237    .text.fn_Usart_Send_Byte  usart_book.o
    0x08006d60   0x08006d60   0x0000000e   Code   RO         1173    .text.fn_key_Check  key_book.o
    0x08006d6e   0x08006d6e   0x00000002   PAD
    0x08006d70   0x08006d70   0x00000038   Code   RO         1171    .text.fn_key_Effect  key_book.o
    0x08006da8   0x08006da8   0x00000088   Code   RO         1169    .text.fn_key_judge  key_book.o
    0x08006e30   0x08006e30   0x00000048   Code   RO         1730    .text.fn_usart_show_Init  main.o
    0x08006e78   0x08006e78   0x000002d0   Code   RO         1598    .text.follow_path   ff.o
    0x08007148   0x08007148   0x00000024   Code   RO         1245    .text.fputc         usart_book.o
    0x0800716c   0x0800716c   0x000000ee   Code   RO         1584    .text.get_fat       ff.o
    0x0800725a   0x0800725a   0x00000002   PAD
    0x0800725c   0x0800725c   0x00000008   Code   RO         1572    .text.get_fattime   diskio.o
    0x08007264   0x08007264   0x000000c8   Code   RO         1636    .text.get_fileinfo  ff.o
    0x0800732c   0x0800732c   0x00000042   Code   RO         1592    .text.get_ldnumber  ff.o
    0x0800736e   0x0800736e   0x00000018   Code   RO         1602    .text.ld_clust      ff.o
    0x08007386   0x08007386   0x00000002   PAD
    0x08007388   0x08007388   0x000000fc   Code   RO         1726    .text.main          main.o
    0x08007484   0x08007484   0x00000010   Code   RO         1612    .text.mem_cpy       ff.o
    0x08007494   0x08007494   0x0000000c   Code   RO         1654    .text.mem_set       ff.o
    0x080074a0   0x080074a0   0x00000038   Code   RO         1586    .text.move_window   ff.o
    0x080074d8   0x080074d8   0x00000118   Code   RO         1588    .text.put_fat       ff.o
    0x080075f0   0x080075f0   0x00000036   Code   RO         1668    .text.putc_bfd      ff.o
    0x08007626   0x08007626   0x00000056   Code   RO         1606    .text.remove_chain  ff.o
    0x0800767c   0x0800767c   0x000000b8   Code   RO         1380    .text.scan_file     fatfs_book.o
    0x08007734   0x08007734   0x0000000c   Code   RO         1604    .text.st_clust      ff.o
    0x08007740   0x08007740   0x0000001c   Code   RO         1680    .text.sum_sfn       ff.o
    0x0800775c   0x0800775c   0x00000074   Code   RO         1620    .text.sync_fs       ff.o
    0x080077d0   0x080077d0   0x0000004c   Code   RO         1652    .text.sync_window   ff.o
    0x0800781c   0x0800781c   0x0000002a   Code   RO         1610    .text.validate      ff.o
    0x08007846   0x08007846   0x00000002   PAD
    0x08007848   0x08007848   0x00000020   Code   RO         2031    i.__0printf         mc_w.l(printfa.o)
    0x08007868   0x08007868   0x00000028   Code   RO         2033    i.__0sprintf        mc_w.l(printfa.o)
    0x08007890   0x08007890   0x0000000e   Code   RO         2115    i.__scatterload_copy  mc_w.l(handlers.o)
    0x0800789e   0x0800789e   0x00000002   Code   RO         2116    i.__scatterload_null  mc_w.l(handlers.o)
    0x080078a0   0x080078a0   0x0000000e   Code   RO         2117    i.__scatterload_zeroinit  mc_w.l(handlers.o)
    0x080078ae   0x080078ae   0x00000002   PAD
    0x080078b0   0x080078b0   0x00000184   Code   RO         2038    i._fp_digits        mc_w.l(printfa.o)
    0x08007a34   0x08007a34   0x000006dc   Code   RO         2039    i._printf_core      mc_w.l(printfa.o)
    0x08008110   0x08008110   0x00000024   Code   RO         2040    i._printf_post_padding  mc_w.l(printfa.o)
    0x08008134   0x08008134   0x0000002e   Code   RO         2041    i._printf_pre_padding  mc_w.l(printfa.o)
    0x08008162   0x08008162   0x0000000a   Code   RO         2043    i._sputc            mc_w.l(printfa.o)
    0x0800816c   0x0800816c   0x0000000c   Code   RO         1788    i.putchar           mc_w.l(putchar.o)
    0x08008178   0x08008178   0x00000024   Code   RO         1786    i.puts              mc_w.l(puts.o)
    0x0800819c   0x0800819c   0x00000004   Data   RO          707    .rodata.ADCPrescTable  stm32f10x_rcc.o
    0x080081a0   0x080081a0   0x00000010   Data   RO          706    .rodata.APBAHBPrescTable  stm32f10x_rcc.o
    0x080081b0   0x080081b0   0x000011d0   Data   RO         1713    .rodata.ASCII16x24_Table  fonts.o
    0x08009380   0x08009380   0x000023a0   Data   RO         1714    .rodata.ASCII24x32_Table  fonts.o
    0x0800b720   0x0800b720   0x000005f0   Data   RO         1712    .rodata.ASCII8x16_Table  fonts.o
    0x0800bd10   0x0800bd10   0x0000000d   Data   RO         1684    .rodata.LfnOfs      ff.o
    0x0800bd1d   0x0800bd1d   0x00000003   PAD
    0x0800bd20   0x0800bd20   0x00000050   Data   RO         1271    .rodata.aSRC_Cont_Buffer  dma_book.o
    0x0800bd70   0x0800bd70   0x00000016   Data   RO         1683    .rodata.f_mkfs.cst  ff.o
    0x0800bd86   0x0800bd86   0x000003dc   Data   RO         1700    .rodata.ff_wtoupper.lower  cc936.o
    0x0800c162   0x0800c162   0x000003dc   Data   RO         1701    .rodata.ff_wtoupper.upper  cc936.o
    0x0800c53e   0x0800c53e   0x00015484   Data   RO         1698    .rodata.oem2uni     cc936.o
    0x080219c2   0x080219c2   0x00000003   Data   RO         1292    .rodata.str1.1      i2c_book.o
    0x080219c5   0x080219c5   0x0000001c   Data   RO         1322    .rodata.str1.1      i2c_soft_book.o
    0x080219e1   0x080219e1   0x00000179   Data   RO         1383    .rodata.str1.1      fatfs_book.o
    0x08021b5a   0x08021b5a   0x00000015   Data   RO         1402    .rodata.str1.1      sram_book.o
    0x08021b6f   0x08021b6f   0x0000002c   Data   RO         1518    .rodata.str1.1      lcd_pagehtml_book.o
    0x08021b9b   0x08021b9b   0x00000023   Data   RO         1751    .rodata.str1.1      main.o
    0x08021bbe   0x08021bbe   0x00000016   Data   RO         1682    .rodata.str2.2      ff.o
    0x08021bd4   0x08021bd4   0x00015484   Data   RO         1699    .rodata.uni2oem     cc936.o
    0x08037058   0x08037058   0x00000020   Data   RO         2114    Region$$Table       anon$$obj.o


    Execution Region RW_IRAM1 (Exec base: 0x20000000, Load base: 0x08037078, Size: 0x00009448, Max: 0x00010000, ABSOLUTE, COMPRESSED[0x000001a0])

    Exec Addr    Load Addr    Size         Type   Attr      Idx    E Section Name        Object

    0x20000000   COMPRESSED   0x00000004   Data   RW         2085    .data               mc_w.l(stdout.o)
    0x20000004   COMPRESSED   0x00000006   Data   RW         1427    .data..L_MergedGlobals  lcd_book.o
    0x2000000a   COMPRESSED   0x00000002   PAD
    0x2000000c   COMPRESSED   0x00000008   Data   RW         1716    .data.Font16x24     fonts.o
    0x20000014   COMPRESSED   0x00000008   Data   RW         1717    .data.Font24x32     fonts.o
    0x2000001c   COMPRESSED   0x00000008   Data   RW         1715    .data.Font8x16      fonts.o
    0x20000024   COMPRESSED   0x00000004   Data   RW         1496    .data.LCD_Currentfonts  lcd_draw_book.o
    0x20000028   COMPRESSED   0x00000004   Data   RW         1359    .data.SPITimeout    spi_book.o
    0x2000002c   COMPRESSED   0x00000004   Data   RW           15    .data.SystemCoreClock  system_stm32f10x.o
    0x20000030   COMPRESSED   0x000000c0   Data   RW         1552    .data.strXPT2046_TouchPara  xpt2046_lcd_function_book.o
    0x200000f0   COMPRESSED   0x00000800   Data   RW         1517    .data.test_modu2    lcd_pagehtml_book.o
    0x200008f0   COMPRESSED   0x00000008   Data   RW         1746    .data.writeData     main.o
    0x200008f8   COMPRESSED   0x00000008   Data   RW         1748    .data.writeData2    main.o
    0x20000900        -       0x00000006   Zero   RW         1175    .bss..L_MergedGlobals  key_book.o
    0x20000906   COMPRESSED   0x00000002   PAD
    0x20000908        -       0x00000008   Zero   RW         1224    .bss..L_MergedGlobals  systick_book.o
    0x20000910        -       0x00000008   Zero   RW         1273    .bss..L_MergedGlobals  dma_book.o
    0x20000918        -       0x00000028   Zero   RW         1387    .bss..L_MergedGlobals  fatfs_book.o
    0x20000940        -       0x00000004   Zero   RW         1499    .bss..L_MergedGlobals  lcd_draw_book.o
    0x20000944        -       0x00000044   Zero   RW         1553    .bss..L_MergedGlobals  xpt2046_lcd_function_book.o
    0x20000988        -       0x0000000c   Zero   RW         1685    .bss..L_MergedGlobals  ff.o
    0x20000994        -       0x00000001   Zero   RW         1718    .bss.GetGBKCode_from_EXFlash.everRead  fonts.o
    0x20000995   COMPRESSED   0x00000001   PAD
    0x20000996        -       0x00000002   Zero   RW         1293    .bss.I2CTimeout     i2c_book.o
    0x20000998        -       0x00000007   Zero   RW         1747    .bss.ReadData       main.o
    0x2000099f        -       0x00001000   Zero   RW         1749    .bss.Read_SPI_Data  main.o
    0x2000199f   COMPRESSED   0x00000001   PAD
    0x200019a0        -       0x00000050   Zero   RW         1272    .bss.aDST_Buffer    dma_book.o
    0x200019f0        -       0x00001024   Zero   RW         1384    .bss.fnew           fatfs_book.o
    0x20002a14        -       0x00001030   Zero   RW         1382    .bss.fs             fatfs_book.o
    0x20003a44        -       0x000001ff   Zero   RW         1386    .bss.scan_file.lfn  fatfs_book.o
    0x20003c43        -       0x00000001   Zero   RW         1551    .bss.ucXPT2046_TouchFlag  xpt2046_lcd_function_book.o
    0x20003c44        -       0x00001000   Zero   RW         1750    .bss.write_SPI_Data  main.o
    0x20004c44        -       0x00004000   Zero   RW         1497    .bss.zoomBuff       lcd_draw_book.o
    0x20008c44        -       0x00000400   Zero   RW         1498    .bss.zoomTempBuff   lcd_draw_book.o
    0x20009044   COMPRESSED   0x00000004   PAD
    0x20009048        -       0x00000400   Zero   RW            1    STACK               startup_stm32f10x_hd.o


==============================================================================

Image component sizes


      Code (inc. data)   RO Data    RW Data    ZI Data      Debug   Object Name

       160         16     176320          0          0       1751   cc936.o
       180          8          0          0          0       2261   diskio.o
       560        172         80          0         88       4073   dma_book.o
       220         12          0          0          0       3588   exit_book.o
      1440        668        377          0       8827       4932   fatfs_book.o
      9544        158         57          0         12      38889   ff.o
        72         12      15200         24          1       1435   fonts.o
      1172        208          3          0          2       4958   i2c_book.o
      1084        272         28          0          0       5286   i2c_soft_book.o
       284         20          0          0          6       2859   key_book.o
      1038         40          0          6          0      10406   lcd_book.o
      2322         68          0          4      17412      14843   lcd_draw_book.o
      2216        432         44       2048          0       3060   lcd_pagehtml_book.o
       198          8          0          0          0       2411   led_book.o
      1284        640         35         16       8199       3213   main.o
       100         12          0          0          0       3156   misc.o
       114          0          0          0          0       2394   rcc_book.o
       884        168          0          4          0       5694   spi_book.o
      1064        184         21          0          0       4069   sram_book.o
        36          8        304          0       1024        856   startup_stm32f10x_hd.o
       118          4          0          0          0       3665   stm32f10x_dma.o
       132          8          0          0          0       2810   stm32f10x_exti.o
        40          4          0          0          0       8108   stm32f10x_flash.o
       212         12          0          0          0       7686   stm32f10x_fsmc.o
       248          4          0          0          0       5835   stm32f10x_gpio.o
       388         12          0          0          0       8204   stm32f10x_i2c.o
        16          0          0          0          0        923   stm32f10x_it.o
       480         48         20          0          0       8360   stm32f10x_rcc.o
        90          0          0          0          0       6787   stm32f10x_spi.o
       324          4          0          0          0       7758   stm32f10x_usart.o
       240         20          0          4          0       2558   system_stm32f10x.o
       268         28          0          0          8       5131   systick_book.o
       328         16          0          0          0       5859   usart_book.o
       400         48          0          0          0       2761   xpt2046_lcd_book.o
      1084         72          0        192         69       5421   xpt2046_lcd_function_book.o

    ----------------------------------------------------------------------
     28382       3386     192524       2300      35656     202000   Object Totals
         0          0         32          0          0          0   (incl. Generated)
        42          0          3          2          8          0   (incl. Padding)

    ----------------------------------------------------------------------

      Code (inc. data)   RO Data    RW Data    ZI Data      Debug   Library Member Name

        58          0          0          0          0          0   __dczerorl.o
         0          0          0          0          0          0   entry.o
         0          0          0          0          0          0   entry10a.o
         0          0          0          0          0          0   entry11a.o
         8          4          0          0          0          0   entry2.o
         4          0          0          0          0          0   entry5.o
         0          0          0          0          0          0   entry7b.o
         0          0          0          0          0          0   entry8b.o
         8          4          0          0          0          0   entry9a.o
        30          0          0          0          0          0   handlers.o
        36          8          0          0          0         68   init.o
         0          0          0          0          0          0   iusefp.o
        30          0          0          0          0         68   llshl.o
        36          0          0          0          0         68   llsshr.o
        32          0          0          0          0         68   llushr.o
        36          0          0          0          0        108   memseta.o
      2308         96          0          0          0        604   printfa.o
        12          6          0          0          0         68   putchar.o
        36          6          0          0          0         80   puts.o
         0          0          0          4          0          0   stdout.o
        18          0          0          0          0         68   strcpy.o
        14          0          0          0          0         68   strlen.o
        44          0          0          0          0         80   uidiv.o
        98          0          0          0          0         92   uldiv.o
        48          0          0          0          0         68   cdrcmple.o
       334          0          0          0          0        148   dadd.o
       222          0          0          0          0        100   ddiv.o
       186          0          0          0          0        176   depilogue.o
        48          0          0          0          0         68   dfixul.o
       228          0          0          0          0         96   dmul.o
        38          0          0          0          0         68   f2d.o
       176          0          0          0          0        140   fadd.o
       124          0          0          0          0         88   fdiv.o
       110          0          0          0          0        168   fepilogue.o
        50          0          0          0          0         68   ffixi.o
        18          0          0          0          0         68   fflti.o
       100          0          0          0          0         76   fmul.o

    ----------------------------------------------------------------------
      4494        124          0          4          0       2772   Library Totals
         4          0          0          0          0          0   (incl. Padding)

    ----------------------------------------------------------------------

      Code (inc. data)   RO Data    RW Data    ZI Data      Debug   Library Name

      2808        124          0          4          0       1440   mc_w.l
      1682          0          0          0          0       1332   mf_w.l

    ----------------------------------------------------------------------
      4494        124          0          4          0       2772   Library Totals

    ----------------------------------------------------------------------

==============================================================================


      Code (inc. data)   RO Data    RW Data    ZI Data      Debug   

     32876       3510     192524       2304      35656     203020   Grand Totals
     32876       3510     192524        416      35656     203020   ELF Image Totals (compressed)
     32876       3510     192524        416          0          0   ROM Totals

==============================================================================

    Total RO  Size (Code + RO Data)               225400 ( 220.12kB)
    Total RW  Size (RW Data + ZI Data)             37960 (  37.07kB)
    Total ROM Size (Code + RO Data + RW Data)     225816 ( 220.52kB)

==============================================================================

